[2026-04-06T05:33:42.027+0000] {processor.py:186} INFO - Started process (PID=180) to work on /opt/airflow/dags/create_mart_dag.py
[2026-04-06T05:33:42.028+0000] {processor.py:914} INFO - Processing file /opt/airflow/dags/create_mart_dag.py for tasks to queue
[2026-04-06T05:33:42.031+0000] {logging_mixin.py:190} INFO - [2026-04-06T05:33:42.030+0000] {dagbag.py:588} INFO - Filling up the DagBag from /opt/airflow/dags/create_mart_dag.py
[2026-04-06T05:33:42.075+0000] {processor.py:925} INFO - DAG(s) 'create_analytics_mart' retrieved from /opt/airflow/dags/create_mart_dag.py
[2026-04-06T05:33:42.114+0000] {logging_mixin.py:190} INFO - [2026-04-06T05:33:42.114+0000] {dag.py:3239} INFO - Sync 1 DAGs
[2026-04-06T05:33:42.155+0000] {logging_mixin.py:190} INFO - [2026-04-06T05:33:42.155+0000] {dag.py:4180} INFO - Setting next_dagrun for create_analytics_mart to 2026-04-06 02:00:00+00:00, run_after=2026-04-07 02:00:00+00:00
[2026-04-06T05:33:42.183+0000] {processor.py:208} INFO - Processing /opt/airflow/dags/create_mart_dag.py took 0.164 seconds
[2026-04-06T05:34:12.609+0000] {processor.py:186} INFO - Started process (PID=198) to work on /opt/airflow/dags/create_mart_dag.py
[2026-04-06T05:34:12.611+0000] {processor.py:914} INFO - Processing file /opt/airflow/dags/create_mart_dag.py for tasks to queue
[2026-04-06T05:34:12.614+0000] {logging_mixin.py:190} INFO - [2026-04-06T05:34:12.614+0000] {dagbag.py:588} INFO - Filling up the DagBag from /opt/airflow/dags/create_mart_dag.py
[2026-04-06T05:34:12.680+0000] {processor.py:925} INFO - DAG(s) 'create_analytics_mart' retrieved from /opt/airflow/dags/create_mart_dag.py
[2026-04-06T05:34:12.721+0000] {logging_mixin.py:190} INFO - [2026-04-06T05:34:12.721+0000] {dag.py:3239} INFO - Sync 1 DAGs
[2026-04-06T05:34:12.756+0000] {logging_mixin.py:190} INFO - [2026-04-06T05:34:12.756+0000] {dag.py:4180} INFO - Setting next_dagrun for create_analytics_mart to 2026-04-06 02:00:00+00:00, run_after=2026-04-07 02:00:00+00:00
[2026-04-06T05:34:12.792+0000] {processor.py:208} INFO - Processing /opt/airflow/dags/create_mart_dag.py took 0.191 seconds
[2026-04-06T05:34:43.664+0000] {processor.py:186} INFO - Started process (PID=214) to work on /opt/airflow/dags/create_mart_dag.py
[2026-04-06T05:34:43.666+0000] {processor.py:914} INFO - Processing file /opt/airflow/dags/create_mart_dag.py for tasks to queue
[2026-04-06T05:34:43.671+0000] {logging_mixin.py:190} INFO - [2026-04-06T05:34:43.670+0000] {dagbag.py:588} INFO - Filling up the DagBag from /opt/airflow/dags/create_mart_dag.py
[2026-04-06T05:34:43.731+0000] {processor.py:925} INFO - DAG(s) 'create_analytics_mart' retrieved from /opt/airflow/dags/create_mart_dag.py
[2026-04-06T05:34:43.768+0000] {logging_mixin.py:190} INFO - [2026-04-06T05:34:43.767+0000] {dag.py:3239} INFO - Sync 1 DAGs
[2026-04-06T05:34:43.803+0000] {logging_mixin.py:190} INFO - [2026-04-06T05:34:43.802+0000] {dag.py:4180} INFO - Setting next_dagrun for create_analytics_mart to 2026-04-06 02:00:00+00:00, run_after=2026-04-07 02:00:00+00:00
[2026-04-06T05:34:43.830+0000] {processor.py:208} INFO - Processing /opt/airflow/dags/create_mart_dag.py took 0.175 seconds
[2026-04-06T05:35:14.334+0000] {processor.py:186} INFO - Started process (PID=229) to work on /opt/airflow/dags/create_mart_dag.py
[2026-04-06T05:35:14.336+0000] {processor.py:914} INFO - Processing file /opt/airflow/dags/create_mart_dag.py for tasks to queue
[2026-04-06T05:35:14.341+0000] {logging_mixin.py:190} INFO - [2026-04-06T05:35:14.340+0000] {dagbag.py:588} INFO - Filling up the DagBag from /opt/airflow/dags/create_mart_dag.py
[2026-04-06T05:35:14.419+0000] {processor.py:925} INFO - DAG(s) 'create_analytics_mart' retrieved from /opt/airflow/dags/create_mart_dag.py
[2026-04-06T05:35:14.454+0000] {logging_mixin.py:190} INFO - [2026-04-06T05:35:14.453+0000] {dag.py:3239} INFO - Sync 1 DAGs
[2026-04-06T05:35:14.488+0000] {logging_mixin.py:190} INFO - [2026-04-06T05:35:14.488+0000] {dag.py:4180} INFO - Setting next_dagrun for create_analytics_mart to 2026-04-06 02:00:00+00:00, run_after=2026-04-07 02:00:00+00:00
[2026-04-06T05:35:14.516+0000] {processor.py:208} INFO - Processing /opt/airflow/dags/create_mart_dag.py took 0.189 seconds
[2026-04-06T05:35:44.990+0000] {processor.py:186} INFO - Started process (PID=245) to work on /opt/airflow/dags/create_mart_dag.py
[2026-04-06T05:35:44.992+0000] {processor.py:914} INFO - Processing file /opt/airflow/dags/create_mart_dag.py for tasks to queue
[2026-04-06T05:35:44.995+0000] {logging_mixin.py:190} INFO - [2026-04-06T05:35:44.995+0000] {dagbag.py:588} INFO - Filling up the DagBag from /opt/airflow/dags/create_mart_dag.py
[2026-04-06T05:35:45.047+0000] {processor.py:925} INFO - DAG(s) 'create_analytics_mart' retrieved from /opt/airflow/dags/create_mart_dag.py
[2026-04-06T05:35:45.083+0000] {logging_mixin.py:190} INFO - [2026-04-06T05:35:45.083+0000] {dag.py:3239} INFO - Sync 1 DAGs
[2026-04-06T05:35:45.119+0000] {logging_mixin.py:190} INFO - [2026-04-06T05:35:45.119+0000] {dag.py:4180} INFO - Setting next_dagrun for create_analytics_mart to 2026-04-06 02:00:00+00:00, run_after=2026-04-07 02:00:00+00:00
[2026-04-06T05:35:45.160+0000] {processor.py:208} INFO - Processing /opt/airflow/dags/create_mart_dag.py took 0.178 seconds
[2026-04-06T05:36:47.437+0000] {processor.py:186} INFO - Started process (PID=179) to work on /opt/airflow/dags/create_mart_dag.py
[2026-04-06T05:36:47.438+0000] {processor.py:914} INFO - Processing file /opt/airflow/dags/create_mart_dag.py for tasks to queue
[2026-04-06T05:36:47.442+0000] {logging_mixin.py:190} INFO - [2026-04-06T05:36:47.441+0000] {dagbag.py:588} INFO - Filling up the DagBag from /opt/airflow/dags/create_mart_dag.py
[2026-04-06T05:36:47.495+0000] {processor.py:925} INFO - DAG(s) 'create_analytics_mart' retrieved from /opt/airflow/dags/create_mart_dag.py
[2026-04-06T05:36:47.560+0000] {logging_mixin.py:190} INFO - [2026-04-06T05:36:47.560+0000] {dag.py:3239} INFO - Sync 1 DAGs
[2026-04-06T05:36:47.602+0000] {logging_mixin.py:190} INFO - [2026-04-06T05:36:47.601+0000] {dag.py:4180} INFO - Setting next_dagrun for create_analytics_mart to 2026-04-06 02:00:00+00:00, run_after=2026-04-07 02:00:00+00:00
[2026-04-06T05:36:47.629+0000] {processor.py:208} INFO - Processing /opt/airflow/dags/create_mart_dag.py took 0.203 seconds
[2026-04-06T05:37:18.105+0000] {processor.py:186} INFO - Started process (PID=194) to work on /opt/airflow/dags/create_mart_dag.py
[2026-04-06T05:37:18.106+0000] {processor.py:914} INFO - Processing file /opt/airflow/dags/create_mart_dag.py for tasks to queue
[2026-04-06T05:37:18.110+0000] {logging_mixin.py:190} INFO - [2026-04-06T05:37:18.110+0000] {dagbag.py:588} INFO - Filling up the DagBag from /opt/airflow/dags/create_mart_dag.py
[2026-04-06T05:37:18.179+0000] {processor.py:925} INFO - DAG(s) 'create_analytics_mart' retrieved from /opt/airflow/dags/create_mart_dag.py
[2026-04-06T05:37:18.217+0000] {logging_mixin.py:190} INFO - [2026-04-06T05:37:18.217+0000] {dag.py:3239} INFO - Sync 1 DAGs
[2026-04-06T05:37:18.255+0000] {logging_mixin.py:190} INFO - [2026-04-06T05:37:18.255+0000] {dag.py:4180} INFO - Setting next_dagrun for create_analytics_mart to 2026-04-06 02:00:00+00:00, run_after=2026-04-07 02:00:00+00:00
[2026-04-06T05:37:18.289+0000] {processor.py:208} INFO - Processing /opt/airflow/dags/create_mart_dag.py took 0.193 seconds
[2026-04-06T05:37:49.032+0000] {processor.py:186} INFO - Started process (PID=210) to work on /opt/airflow/dags/create_mart_dag.py
[2026-04-06T05:37:49.033+0000] {processor.py:914} INFO - Processing file /opt/airflow/dags/create_mart_dag.py for tasks to queue
[2026-04-06T05:37:49.038+0000] {logging_mixin.py:190} INFO - [2026-04-06T05:37:49.037+0000] {dagbag.py:588} INFO - Filling up the DagBag from /opt/airflow/dags/create_mart_dag.py
[2026-04-06T05:37:49.094+0000] {processor.py:925} INFO - DAG(s) 'create_analytics_mart' retrieved from /opt/airflow/dags/create_mart_dag.py
[2026-04-06T05:37:49.132+0000] {logging_mixin.py:190} INFO - [2026-04-06T05:37:49.132+0000] {dag.py:3239} INFO - Sync 1 DAGs
[2026-04-06T05:37:49.169+0000] {logging_mixin.py:190} INFO - [2026-04-06T05:37:49.168+0000] {dag.py:4180} INFO - Setting next_dagrun for create_analytics_mart to 2026-04-06 02:00:00+00:00, run_after=2026-04-07 02:00:00+00:00
[2026-04-06T05:37:49.220+0000] {processor.py:208} INFO - Processing /opt/airflow/dags/create_mart_dag.py took 0.197 seconds
[2026-04-06T05:38:19.552+0000] {processor.py:186} INFO - Started process (PID=226) to work on /opt/airflow/dags/create_mart_dag.py
[2026-04-06T05:38:19.554+0000] {processor.py:914} INFO - Processing file /opt/airflow/dags/create_mart_dag.py for tasks to queue
[2026-04-06T05:38:19.558+0000] {logging_mixin.py:190} INFO - [2026-04-06T05:38:19.558+0000] {dagbag.py:588} INFO - Filling up the DagBag from /opt/airflow/dags/create_mart_dag.py
[2026-04-06T05:38:19.637+0000] {processor.py:925} INFO - DAG(s) 'create_analytics_mart' retrieved from /opt/airflow/dags/create_mart_dag.py
[2026-04-06T05:38:19.679+0000] {logging_mixin.py:190} INFO - [2026-04-06T05:38:19.678+0000] {dag.py:3239} INFO - Sync 1 DAGs
[2026-04-06T05:38:19.716+0000] {logging_mixin.py:190} INFO - [2026-04-06T05:38:19.716+0000] {dag.py:4180} INFO - Setting next_dagrun for create_analytics_mart to 2026-04-06 02:00:00+00:00, run_after=2026-04-07 02:00:00+00:00
[2026-04-06T05:38:19.745+0000] {processor.py:208} INFO - Processing /opt/airflow/dags/create_mart_dag.py took 0.202 seconds
[2026-04-06T05:38:50.266+0000] {processor.py:186} INFO - Started process (PID=245) to work on /opt/airflow/dags/create_mart_dag.py
[2026-04-06T05:38:50.268+0000] {processor.py:914} INFO - Processing file /opt/airflow/dags/create_mart_dag.py for tasks to queue
[2026-04-06T05:38:50.271+0000] {logging_mixin.py:190} INFO - [2026-04-06T05:38:50.270+0000] {dagbag.py:588} INFO - Filling up the DagBag from /opt/airflow/dags/create_mart_dag.py
[2026-04-06T05:38:50.317+0000] {processor.py:925} INFO - DAG(s) 'create_analytics_mart' retrieved from /opt/airflow/dags/create_mart_dag.py
[2026-04-06T05:38:50.355+0000] {logging_mixin.py:190} INFO - [2026-04-06T05:38:50.355+0000] {dag.py:3239} INFO - Sync 1 DAGs
[2026-04-06T05:38:50.395+0000] {logging_mixin.py:190} INFO - [2026-04-06T05:38:50.394+0000] {dag.py:4180} INFO - Setting next_dagrun for create_analytics_mart to 2026-04-06 02:00:00+00:00, run_after=2026-04-07 02:00:00+00:00
[2026-04-06T05:38:50.443+0000] {processor.py:208} INFO - Processing /opt/airflow/dags/create_mart_dag.py took 0.185 seconds
[2026-04-06T05:39:20.739+0000] {processor.py:186} INFO - Started process (PID=261) to work on /opt/airflow/dags/create_mart_dag.py
[2026-04-06T05:39:20.741+0000] {processor.py:914} INFO - Processing file /opt/airflow/dags/create_mart_dag.py for tasks to queue
[2026-04-06T05:39:20.746+0000] {logging_mixin.py:190} INFO - [2026-04-06T05:39:20.745+0000] {dagbag.py:588} INFO - Filling up the DagBag from /opt/airflow/dags/create_mart_dag.py
[2026-04-06T05:39:20.793+0000] {processor.py:925} INFO - DAG(s) 'create_analytics_mart' retrieved from /opt/airflow/dags/create_mart_dag.py
[2026-04-06T05:39:20.839+0000] {logging_mixin.py:190} INFO - [2026-04-06T05:39:20.839+0000] {dag.py:3239} INFO - Sync 1 DAGs
[2026-04-06T05:39:20.887+0000] {logging_mixin.py:190} INFO - [2026-04-06T05:39:20.886+0000] {dag.py:4180} INFO - Setting next_dagrun for create_analytics_mart to 2026-04-06 02:00:00+00:00, run_after=2026-04-07 02:00:00+00:00
[2026-04-06T05:39:20.918+0000] {processor.py:208} INFO - Processing /opt/airflow/dags/create_mart_dag.py took 0.189 seconds
[2026-04-06T05:39:51.474+0000] {processor.py:186} INFO - Started process (PID=277) to work on /opt/airflow/dags/create_mart_dag.py
[2026-04-06T05:39:51.476+0000] {processor.py:914} INFO - Processing file /opt/airflow/dags/create_mart_dag.py for tasks to queue
[2026-04-06T05:39:51.480+0000] {logging_mixin.py:190} INFO - [2026-04-06T05:39:51.479+0000] {dagbag.py:588} INFO - Filling up the DagBag from /opt/airflow/dags/create_mart_dag.py
[2026-04-06T05:39:51.528+0000] {processor.py:925} INFO - DAG(s) 'create_analytics_mart' retrieved from /opt/airflow/dags/create_mart_dag.py
[2026-04-06T05:39:51.564+0000] {logging_mixin.py:190} INFO - [2026-04-06T05:39:51.563+0000] {dag.py:3239} INFO - Sync 1 DAGs
[2026-04-06T05:39:51.601+0000] {logging_mixin.py:190} INFO - [2026-04-06T05:39:51.601+0000] {dag.py:4180} INFO - Setting next_dagrun for create_analytics_mart to 2026-04-06 02:00:00+00:00, run_after=2026-04-07 02:00:00+00:00
[2026-04-06T05:39:51.632+0000] {processor.py:208} INFO - Processing /opt/airflow/dags/create_mart_dag.py took 0.166 seconds
[2026-04-06T05:40:22.163+0000] {processor.py:186} INFO - Started process (PID=293) to work on /opt/airflow/dags/create_mart_dag.py
[2026-04-06T05:40:22.165+0000] {processor.py:914} INFO - Processing file /opt/airflow/dags/create_mart_dag.py for tasks to queue
[2026-04-06T05:40:22.168+0000] {logging_mixin.py:190} INFO - [2026-04-06T05:40:22.168+0000] {dagbag.py:588} INFO - Filling up the DagBag from /opt/airflow/dags/create_mart_dag.py
[2026-04-06T05:40:22.225+0000] {processor.py:925} INFO - DAG(s) 'create_analytics_mart' retrieved from /opt/airflow/dags/create_mart_dag.py
[2026-04-06T05:40:22.267+0000] {logging_mixin.py:190} INFO - [2026-04-06T05:40:22.267+0000] {dag.py:3239} INFO - Sync 1 DAGs
[2026-04-06T05:40:22.308+0000] {logging_mixin.py:190} INFO - [2026-04-06T05:40:22.308+0000] {dag.py:4180} INFO - Setting next_dagrun for create_analytics_mart to 2026-04-06 02:00:00+00:00, run_after=2026-04-07 02:00:00+00:00
[2026-04-06T05:40:22.339+0000] {processor.py:208} INFO - Processing /opt/airflow/dags/create_mart_dag.py took 0.184 seconds
[2026-04-06T05:40:52.844+0000] {processor.py:186} INFO - Started process (PID=330) to work on /opt/airflow/dags/create_mart_dag.py
[2026-04-06T05:40:52.845+0000] {processor.py:914} INFO - Processing file /opt/airflow/dags/create_mart_dag.py for tasks to queue
[2026-04-06T05:40:52.848+0000] {logging_mixin.py:190} INFO - [2026-04-06T05:40:52.848+0000] {dagbag.py:588} INFO - Filling up the DagBag from /opt/airflow/dags/create_mart_dag.py
[2026-04-06T05:40:52.900+0000] {processor.py:925} INFO - DAG(s) 'create_analytics_mart' retrieved from /opt/airflow/dags/create_mart_dag.py
[2026-04-06T05:40:52.942+0000] {logging_mixin.py:190} INFO - [2026-04-06T05:40:52.941+0000] {dag.py:3239} INFO - Sync 1 DAGs
[2026-04-06T05:40:52.984+0000] {logging_mixin.py:190} INFO - [2026-04-06T05:40:52.984+0000] {dag.py:4180} INFO - Setting next_dagrun for create_analytics_mart to 2026-04-06 02:00:00+00:00, run_after=2026-04-07 02:00:00+00:00
[2026-04-06T05:40:53.035+0000] {processor.py:208} INFO - Processing /opt/airflow/dags/create_mart_dag.py took 0.199 seconds
[2026-04-06T05:41:23.391+0000] {processor.py:186} INFO - Started process (PID=346) to work on /opt/airflow/dags/create_mart_dag.py
[2026-04-06T05:41:23.392+0000] {processor.py:914} INFO - Processing file /opt/airflow/dags/create_mart_dag.py for tasks to queue
[2026-04-06T05:41:23.396+0000] {logging_mixin.py:190} INFO - [2026-04-06T05:41:23.395+0000] {dagbag.py:588} INFO - Filling up the DagBag from /opt/airflow/dags/create_mart_dag.py
[2026-04-06T05:41:23.451+0000] {processor.py:925} INFO - DAG(s) 'create_analytics_mart' retrieved from /opt/airflow/dags/create_mart_dag.py
[2026-04-06T05:41:23.495+0000] {logging_mixin.py:190} INFO - [2026-04-06T05:41:23.495+0000] {dag.py:3239} INFO - Sync 1 DAGs
[2026-04-06T05:41:23.530+0000] {logging_mixin.py:190} INFO - [2026-04-06T05:41:23.530+0000] {dag.py:4180} INFO - Setting next_dagrun for create_analytics_mart to 2026-04-06 02:00:00+00:00, run_after=2026-04-07 02:00:00+00:00
[2026-04-06T05:41:23.588+0000] {processor.py:208} INFO - Processing /opt/airflow/dags/create_mart_dag.py took 0.206 seconds
[2026-04-06T05:41:54.183+0000] {processor.py:186} INFO - Started process (PID=362) to work on /opt/airflow/dags/create_mart_dag.py
[2026-04-06T05:41:54.184+0000] {processor.py:914} INFO - Processing file /opt/airflow/dags/create_mart_dag.py for tasks to queue
[2026-04-06T05:41:54.188+0000] {logging_mixin.py:190} INFO - [2026-04-06T05:41:54.187+0000] {dagbag.py:588} INFO - Filling up the DagBag from /opt/airflow/dags/create_mart_dag.py
[2026-04-06T05:41:54.247+0000] {processor.py:925} INFO - DAG(s) 'create_analytics_mart' retrieved from /opt/airflow/dags/create_mart_dag.py
[2026-04-06T05:41:54.285+0000] {logging_mixin.py:190} INFO - [2026-04-06T05:41:54.285+0000] {dag.py:3239} INFO - Sync 1 DAGs
[2026-04-06T05:41:54.322+0000] {logging_mixin.py:190} INFO - [2026-04-06T05:41:54.322+0000] {dag.py:4180} INFO - Setting next_dagrun for create_analytics_mart to 2026-04-06 02:00:00+00:00, run_after=2026-04-07 02:00:00+00:00
[2026-04-06T05:41:54.372+0000] {processor.py:208} INFO - Processing /opt/airflow/dags/create_mart_dag.py took 0.198 seconds
[2026-04-06T05:42:24.679+0000] {processor.py:186} INFO - Started process (PID=378) to work on /opt/airflow/dags/create_mart_dag.py
[2026-04-06T05:42:24.680+0000] {processor.py:914} INFO - Processing file /opt/airflow/dags/create_mart_dag.py for tasks to queue
[2026-04-06T05:42:24.684+0000] {logging_mixin.py:190} INFO - [2026-04-06T05:42:24.683+0000] {dagbag.py:588} INFO - Filling up the DagBag from /opt/airflow/dags/create_mart_dag.py
[2026-04-06T05:42:24.722+0000] {processor.py:925} INFO - DAG(s) 'create_analytics_mart' retrieved from /opt/airflow/dags/create_mart_dag.py
[2026-04-06T05:42:24.758+0000] {logging_mixin.py:190} INFO - [2026-04-06T05:42:24.757+0000] {dag.py:3239} INFO - Sync 1 DAGs
[2026-04-06T05:42:24.791+0000] {logging_mixin.py:190} INFO - [2026-04-06T05:42:24.790+0000] {dag.py:4180} INFO - Setting next_dagrun for create_analytics_mart to 2026-04-06 02:00:00+00:00, run_after=2026-04-07 02:00:00+00:00
[2026-04-06T05:42:24.913+0000] {processor.py:208} INFO - Processing /opt/airflow/dags/create_mart_dag.py took 0.244 seconds
[2026-04-06T05:42:55.373+0000] {processor.py:186} INFO - Started process (PID=409) to work on /opt/airflow/dags/create_mart_dag.py
[2026-04-06T05:42:55.374+0000] {processor.py:914} INFO - Processing file /opt/airflow/dags/create_mart_dag.py for tasks to queue
[2026-04-06T05:42:55.378+0000] {logging_mixin.py:190} INFO - [2026-04-06T05:42:55.377+0000] {dagbag.py:588} INFO - Filling up the DagBag from /opt/airflow/dags/create_mart_dag.py
[2026-04-06T05:42:55.440+0000] {processor.py:925} INFO - DAG(s) 'create_analytics_mart' retrieved from /opt/airflow/dags/create_mart_dag.py
[2026-04-06T05:42:55.470+0000] {logging_mixin.py:190} INFO - [2026-04-06T05:42:55.470+0000] {dag.py:3239} INFO - Sync 1 DAGs
[2026-04-06T05:42:55.501+0000] {logging_mixin.py:190} INFO - [2026-04-06T05:42:55.500+0000] {dag.py:4180} INFO - Setting next_dagrun for create_analytics_mart to 2026-04-06 02:00:00+00:00, run_after=2026-04-07 02:00:00+00:00
[2026-04-06T05:42:55.545+0000] {processor.py:208} INFO - Processing /opt/airflow/dags/create_mart_dag.py took 0.180 seconds
[2026-04-06T05:43:25.882+0000] {processor.py:186} INFO - Started process (PID=425) to work on /opt/airflow/dags/create_mart_dag.py
[2026-04-06T05:43:25.884+0000] {processor.py:914} INFO - Processing file /opt/airflow/dags/create_mart_dag.py for tasks to queue
[2026-04-06T05:43:25.887+0000] {logging_mixin.py:190} INFO - [2026-04-06T05:43:25.886+0000] {dagbag.py:588} INFO - Filling up the DagBag from /opt/airflow/dags/create_mart_dag.py
[2026-04-06T05:43:25.958+0000] {processor.py:925} INFO - DAG(s) 'create_analytics_mart' retrieved from /opt/airflow/dags/create_mart_dag.py
[2026-04-06T05:43:26.004+0000] {logging_mixin.py:190} INFO - [2026-04-06T05:43:26.004+0000] {dag.py:3239} INFO - Sync 1 DAGs
[2026-04-06T05:43:26.043+0000] {logging_mixin.py:190} INFO - [2026-04-06T05:43:26.042+0000] {dag.py:4180} INFO - Setting next_dagrun for create_analytics_mart to 2026-04-06 02:00:00+00:00, run_after=2026-04-07 02:00:00+00:00
[2026-04-06T05:43:26.078+0000] {processor.py:208} INFO - Processing /opt/airflow/dags/create_mart_dag.py took 0.204 seconds
[2026-04-06T05:43:56.535+0000] {processor.py:186} INFO - Started process (PID=441) to work on /opt/airflow/dags/create_mart_dag.py
[2026-04-06T05:43:56.537+0000] {processor.py:914} INFO - Processing file /opt/airflow/dags/create_mart_dag.py for tasks to queue
[2026-04-06T05:43:56.541+0000] {logging_mixin.py:190} INFO - [2026-04-06T05:43:56.540+0000] {dagbag.py:588} INFO - Filling up the DagBag from /opt/airflow/dags/create_mart_dag.py
[2026-04-06T05:43:56.604+0000] {processor.py:925} INFO - DAG(s) 'create_analytics_mart' retrieved from /opt/airflow/dags/create_mart_dag.py
[2026-04-06T05:43:56.638+0000] {logging_mixin.py:190} INFO - [2026-04-06T05:43:56.638+0000] {dag.py:3239} INFO - Sync 1 DAGs
[2026-04-06T05:43:56.671+0000] {logging_mixin.py:190} INFO - [2026-04-06T05:43:56.671+0000] {dag.py:4180} INFO - Setting next_dagrun for create_analytics_mart to 2026-04-06 02:00:00+00:00, run_after=2026-04-07 02:00:00+00:00
[2026-04-06T05:43:56.709+0000] {processor.py:208} INFO - Processing /opt/airflow/dags/create_mart_dag.py took 0.181 seconds
[2026-04-06T05:44:27.027+0000] {processor.py:186} INFO - Started process (PID=457) to work on /opt/airflow/dags/create_mart_dag.py
[2026-04-06T05:44:27.029+0000] {processor.py:914} INFO - Processing file /opt/airflow/dags/create_mart_dag.py for tasks to queue
[2026-04-06T05:44:27.033+0000] {logging_mixin.py:190} INFO - [2026-04-06T05:44:27.032+0000] {dagbag.py:588} INFO - Filling up the DagBag from /opt/airflow/dags/create_mart_dag.py
[2026-04-06T05:44:27.100+0000] {processor.py:925} INFO - DAG(s) 'create_analytics_mart' retrieved from /opt/airflow/dags/create_mart_dag.py
[2026-04-06T05:44:27.141+0000] {logging_mixin.py:190} INFO - [2026-04-06T05:44:27.140+0000] {dag.py:3239} INFO - Sync 1 DAGs
[2026-04-06T05:44:27.181+0000] {logging_mixin.py:190} INFO - [2026-04-06T05:44:27.181+0000] {dag.py:4180} INFO - Setting next_dagrun for create_analytics_mart to 2026-04-06 02:00:00+00:00, run_after=2026-04-07 02:00:00+00:00
[2026-04-06T05:44:27.223+0000] {processor.py:208} INFO - Processing /opt/airflow/dags/create_mart_dag.py took 0.205 seconds
[2026-04-06T05:44:57.621+0000] {processor.py:186} INFO - Started process (PID=473) to work on /opt/airflow/dags/create_mart_dag.py
[2026-04-06T05:44:57.622+0000] {processor.py:914} INFO - Processing file /opt/airflow/dags/create_mart_dag.py for tasks to queue
[2026-04-06T05:44:57.627+0000] {logging_mixin.py:190} INFO - [2026-04-06T05:44:57.627+0000] {dagbag.py:588} INFO - Filling up the DagBag from /opt/airflow/dags/create_mart_dag.py
[2026-04-06T05:44:57.680+0000] {processor.py:925} INFO - DAG(s) 'create_analytics_mart' retrieved from /opt/airflow/dags/create_mart_dag.py
[2026-04-06T05:44:57.725+0000] {logging_mixin.py:190} INFO - [2026-04-06T05:44:57.725+0000] {dag.py:3239} INFO - Sync 1 DAGs
[2026-04-06T05:44:57.774+0000] {logging_mixin.py:190} INFO - [2026-04-06T05:44:57.774+0000] {dag.py:4180} INFO - Setting next_dagrun for create_analytics_mart to 2026-04-06 02:00:00+00:00, run_after=2026-04-07 02:00:00+00:00
[2026-04-06T05:44:57.823+0000] {processor.py:208} INFO - Processing /opt/airflow/dags/create_mart_dag.py took 0.215 seconds
[2026-04-06T05:45:28.199+0000] {processor.py:186} INFO - Started process (PID=489) to work on /opt/airflow/dags/create_mart_dag.py
[2026-04-06T05:45:28.201+0000] {processor.py:914} INFO - Processing file /opt/airflow/dags/create_mart_dag.py for tasks to queue
[2026-04-06T05:45:28.205+0000] {logging_mixin.py:190} INFO - [2026-04-06T05:45:28.204+0000] {dagbag.py:588} INFO - Filling up the DagBag from /opt/airflow/dags/create_mart_dag.py
[2026-04-06T05:45:28.275+0000] {processor.py:925} INFO - DAG(s) 'create_analytics_mart' retrieved from /opt/airflow/dags/create_mart_dag.py
[2026-04-06T05:45:28.312+0000] {logging_mixin.py:190} INFO - [2026-04-06T05:45:28.312+0000] {dag.py:3239} INFO - Sync 1 DAGs
[2026-04-06T05:45:28.347+0000] {logging_mixin.py:190} INFO - [2026-04-06T05:45:28.346+0000] {dag.py:4180} INFO - Setting next_dagrun for create_analytics_mart to 2026-04-06 02:00:00+00:00, run_after=2026-04-07 02:00:00+00:00
[2026-04-06T05:45:28.389+0000] {processor.py:208} INFO - Processing /opt/airflow/dags/create_mart_dag.py took 0.198 seconds
[2026-04-06T05:45:58.773+0000] {processor.py:186} INFO - Started process (PID=508) to work on /opt/airflow/dags/create_mart_dag.py
[2026-04-06T05:45:58.775+0000] {processor.py:914} INFO - Processing file /opt/airflow/dags/create_mart_dag.py for tasks to queue
[2026-04-06T05:45:58.778+0000] {logging_mixin.py:190} INFO - [2026-04-06T05:45:58.778+0000] {dagbag.py:588} INFO - Filling up the DagBag from /opt/airflow/dags/create_mart_dag.py
[2026-04-06T05:45:58.833+0000] {processor.py:925} INFO - DAG(s) 'create_analytics_mart' retrieved from /opt/airflow/dags/create_mart_dag.py
[2026-04-06T05:45:58.866+0000] {logging_mixin.py:190} INFO - [2026-04-06T05:45:58.865+0000] {dag.py:3239} INFO - Sync 1 DAGs
[2026-04-06T05:45:58.896+0000] {logging_mixin.py:190} INFO - [2026-04-06T05:45:58.896+0000] {dag.py:4180} INFO - Setting next_dagrun for create_analytics_mart to 2026-04-06 02:00:00+00:00, run_after=2026-04-07 02:00:00+00:00
[2026-04-06T05:45:58.924+0000] {processor.py:208} INFO - Processing /opt/airflow/dags/create_mart_dag.py took 0.158 seconds
[2026-04-06T05:46:29.258+0000] {processor.py:186} INFO - Started process (PID=536) to work on /opt/airflow/dags/create_mart_dag.py
[2026-04-06T05:46:29.260+0000] {processor.py:914} INFO - Processing file /opt/airflow/dags/create_mart_dag.py for tasks to queue
[2026-04-06T05:46:29.265+0000] {logging_mixin.py:190} INFO - [2026-04-06T05:46:29.264+0000] {dagbag.py:588} INFO - Filling up the DagBag from /opt/airflow/dags/create_mart_dag.py
[2026-04-06T05:46:29.339+0000] {processor.py:925} INFO - DAG(s) 'create_analytics_mart' retrieved from /opt/airflow/dags/create_mart_dag.py
[2026-04-06T05:46:29.384+0000] {logging_mixin.py:190} INFO - [2026-04-06T05:46:29.384+0000] {dag.py:3239} INFO - Sync 1 DAGs
[2026-04-06T05:46:29.423+0000] {logging_mixin.py:190} INFO - [2026-04-06T05:46:29.423+0000] {dag.py:4180} INFO - Setting next_dagrun for create_analytics_mart to 2026-04-06 02:00:00+00:00, run_after=2026-04-07 02:00:00+00:00
[2026-04-06T05:46:29.457+0000] {processor.py:208} INFO - Processing /opt/airflow/dags/create_mart_dag.py took 0.209 seconds
[2026-04-06T05:46:59.631+0000] {processor.py:186} INFO - Started process (PID=560) to work on /opt/airflow/dags/create_mart_dag.py
[2026-04-06T05:46:59.633+0000] {processor.py:914} INFO - Processing file /opt/airflow/dags/create_mart_dag.py for tasks to queue
[2026-04-06T05:46:59.637+0000] {logging_mixin.py:190} INFO - [2026-04-06T05:46:59.636+0000] {dagbag.py:588} INFO - Filling up the DagBag from /opt/airflow/dags/create_mart_dag.py
[2026-04-06T05:46:59.723+0000] {processor.py:925} INFO - DAG(s) 'create_analytics_mart' retrieved from /opt/airflow/dags/create_mart_dag.py
[2026-04-06T05:46:59.763+0000] {logging_mixin.py:190} INFO - [2026-04-06T05:46:59.762+0000] {dag.py:3239} INFO - Sync 1 DAGs
[2026-04-06T05:46:59.797+0000] {logging_mixin.py:190} INFO - [2026-04-06T05:46:59.797+0000] {dag.py:4180} INFO - Setting next_dagrun for create_analytics_mart to 2026-04-06 02:00:00+00:00, run_after=2026-04-07 02:00:00+00:00
[2026-04-06T05:46:59.869+0000] {processor.py:208} INFO - Processing /opt/airflow/dags/create_mart_dag.py took 0.249 seconds
[2026-04-06T05:47:30.384+0000] {processor.py:186} INFO - Started process (PID=584) to work on /opt/airflow/dags/create_mart_dag.py
[2026-04-06T05:47:30.386+0000] {processor.py:914} INFO - Processing file /opt/airflow/dags/create_mart_dag.py for tasks to queue
[2026-04-06T05:47:30.390+0000] {logging_mixin.py:190} INFO - [2026-04-06T05:47:30.390+0000] {dagbag.py:588} INFO - Filling up the DagBag from /opt/airflow/dags/create_mart_dag.py
[2026-04-06T05:47:30.459+0000] {processor.py:925} INFO - DAG(s) 'create_analytics_mart' retrieved from /opt/airflow/dags/create_mart_dag.py
[2026-04-06T05:47:30.507+0000] {logging_mixin.py:190} INFO - [2026-04-06T05:47:30.506+0000] {dag.py:3239} INFO - Sync 1 DAGs
[2026-04-06T05:47:30.546+0000] {logging_mixin.py:190} INFO - [2026-04-06T05:47:30.546+0000] {dag.py:4180} INFO - Setting next_dagrun for create_analytics_mart to 2026-04-06 02:00:00+00:00, run_after=2026-04-07 02:00:00+00:00
[2026-04-06T05:47:30.615+0000] {processor.py:208} INFO - Processing /opt/airflow/dags/create_mart_dag.py took 0.240 seconds
[2026-04-06T05:48:01.135+0000] {processor.py:186} INFO - Started process (PID=612) to work on /opt/airflow/dags/create_mart_dag.py
[2026-04-06T05:48:01.136+0000] {processor.py:914} INFO - Processing file /opt/airflow/dags/create_mart_dag.py for tasks to queue
[2026-04-06T05:48:01.140+0000] {logging_mixin.py:190} INFO - [2026-04-06T05:48:01.139+0000] {dagbag.py:588} INFO - Filling up the DagBag from /opt/airflow/dags/create_mart_dag.py
[2026-04-06T05:48:01.184+0000] {processor.py:925} INFO - DAG(s) 'create_analytics_mart' retrieved from /opt/airflow/dags/create_mart_dag.py
[2026-04-06T05:48:01.217+0000] {logging_mixin.py:190} INFO - [2026-04-06T05:48:01.217+0000] {dag.py:3239} INFO - Sync 1 DAGs
[2026-04-06T05:48:01.250+0000] {logging_mixin.py:190} INFO - [2026-04-06T05:48:01.250+0000] {dag.py:4180} INFO - Setting next_dagrun for create_analytics_mart to 2026-04-06 02:00:00+00:00, run_after=2026-04-07 02:00:00+00:00
[2026-04-06T05:48:01.274+0000] {processor.py:208} INFO - Processing /opt/airflow/dags/create_mart_dag.py took 0.147 seconds
[2026-04-06T05:48:31.758+0000] {processor.py:186} INFO - Started process (PID=646) to work on /opt/airflow/dags/create_mart_dag.py
[2026-04-06T05:48:31.760+0000] {processor.py:914} INFO - Processing file /opt/airflow/dags/create_mart_dag.py for tasks to queue
[2026-04-06T05:48:31.764+0000] {logging_mixin.py:190} INFO - [2026-04-06T05:48:31.763+0000] {dagbag.py:588} INFO - Filling up the DagBag from /opt/airflow/dags/create_mart_dag.py
[2026-04-06T05:48:31.849+0000] {processor.py:925} INFO - DAG(s) 'create_analytics_mart' retrieved from /opt/airflow/dags/create_mart_dag.py
[2026-04-06T05:48:31.881+0000] {logging_mixin.py:190} INFO - [2026-04-06T05:48:31.881+0000] {dag.py:3239} INFO - Sync 1 DAGs
[2026-04-06T05:48:31.912+0000] {logging_mixin.py:190} INFO - [2026-04-06T05:48:31.912+0000] {dag.py:4180} INFO - Setting next_dagrun for create_analytics_mart to 2026-04-06 02:00:00+00:00, run_after=2026-04-07 02:00:00+00:00
[2026-04-06T05:48:32.158+0000] {processor.py:208} INFO - Processing /opt/airflow/dags/create_mart_dag.py took 0.409 seconds
[2026-04-06T05:49:02.378+0000] {processor.py:186} INFO - Started process (PID=662) to work on /opt/airflow/dags/create_mart_dag.py
[2026-04-06T05:49:02.379+0000] {processor.py:914} INFO - Processing file /opt/airflow/dags/create_mart_dag.py for tasks to queue
[2026-04-06T05:49:02.383+0000] {logging_mixin.py:190} INFO - [2026-04-06T05:49:02.382+0000] {dagbag.py:588} INFO - Filling up the DagBag from /opt/airflow/dags/create_mart_dag.py
[2026-04-06T05:49:02.436+0000] {processor.py:925} INFO - DAG(s) 'create_analytics_mart' retrieved from /opt/airflow/dags/create_mart_dag.py
[2026-04-06T05:49:02.471+0000] {logging_mixin.py:190} INFO - [2026-04-06T05:49:02.471+0000] {dag.py:3239} INFO - Sync 1 DAGs
[2026-04-06T05:49:02.504+0000] {logging_mixin.py:190} INFO - [2026-04-06T05:49:02.504+0000] {dag.py:4180} INFO - Setting next_dagrun for create_analytics_mart to 2026-04-06 02:00:00+00:00, run_after=2026-04-07 02:00:00+00:00
[2026-04-06T05:49:02.569+0000] {processor.py:208} INFO - Processing /opt/airflow/dags/create_mart_dag.py took 0.199 seconds
[2026-04-06T05:49:33.108+0000] {processor.py:186} INFO - Started process (PID=678) to work on /opt/airflow/dags/create_mart_dag.py
[2026-04-06T05:49:33.110+0000] {processor.py:914} INFO - Processing file /opt/airflow/dags/create_mart_dag.py for tasks to queue
[2026-04-06T05:49:33.113+0000] {logging_mixin.py:190} INFO - [2026-04-06T05:49:33.113+0000] {dagbag.py:588} INFO - Filling up the DagBag from /opt/airflow/dags/create_mart_dag.py
[2026-04-06T05:49:33.181+0000] {processor.py:925} INFO - DAG(s) 'create_analytics_mart' retrieved from /opt/airflow/dags/create_mart_dag.py
[2026-04-06T05:49:33.218+0000] {logging_mixin.py:190} INFO - [2026-04-06T05:49:33.217+0000] {dag.py:3239} INFO - Sync 1 DAGs
[2026-04-06T05:49:33.251+0000] {logging_mixin.py:190} INFO - [2026-04-06T05:49:33.251+0000] {dag.py:4180} INFO - Setting next_dagrun for create_analytics_mart to 2026-04-06 02:00:00+00:00, run_after=2026-04-07 02:00:00+00:00
[2026-04-06T05:49:33.317+0000] {processor.py:208} INFO - Processing /opt/airflow/dags/create_mart_dag.py took 0.218 seconds
[2026-04-06T05:50:03.802+0000] {processor.py:186} INFO - Started process (PID=694) to work on /opt/airflow/dags/create_mart_dag.py
[2026-04-06T05:50:03.804+0000] {processor.py:914} INFO - Processing file /opt/airflow/dags/create_mart_dag.py for tasks to queue
[2026-04-06T05:50:03.807+0000] {logging_mixin.py:190} INFO - [2026-04-06T05:50:03.807+0000] {dagbag.py:588} INFO - Filling up the DagBag from /opt/airflow/dags/create_mart_dag.py
[2026-04-06T05:50:03.859+0000] {processor.py:925} INFO - DAG(s) 'create_analytics_mart' retrieved from /opt/airflow/dags/create_mart_dag.py
[2026-04-06T05:50:03.894+0000] {logging_mixin.py:190} INFO - [2026-04-06T05:50:03.893+0000] {dag.py:3239} INFO - Sync 1 DAGs
[2026-04-06T05:50:03.929+0000] {logging_mixin.py:190} INFO - [2026-04-06T05:50:03.928+0000] {dag.py:4180} INFO - Setting next_dagrun for create_analytics_mart to 2026-04-06 02:00:00+00:00, run_after=2026-04-07 02:00:00+00:00
[2026-04-06T05:50:03.991+0000] {processor.py:208} INFO - Processing /opt/airflow/dags/create_mart_dag.py took 0.198 seconds
[2026-04-06T05:50:34.543+0000] {processor.py:186} INFO - Started process (PID=710) to work on /opt/airflow/dags/create_mart_dag.py
[2026-04-06T05:50:34.545+0000] {processor.py:914} INFO - Processing file /opt/airflow/dags/create_mart_dag.py for tasks to queue
[2026-04-06T05:50:34.550+0000] {logging_mixin.py:190} INFO - [2026-04-06T05:50:34.550+0000] {dagbag.py:588} INFO - Filling up the DagBag from /opt/airflow/dags/create_mart_dag.py
[2026-04-06T05:50:34.637+0000] {processor.py:925} INFO - DAG(s) 'create_analytics_mart' retrieved from /opt/airflow/dags/create_mart_dag.py
[2026-04-06T05:50:34.680+0000] {logging_mixin.py:190} INFO - [2026-04-06T05:50:34.679+0000] {dag.py:3239} INFO - Sync 1 DAGs
[2026-04-06T05:50:34.717+0000] {logging_mixin.py:190} INFO - [2026-04-06T05:50:34.716+0000] {dag.py:4180} INFO - Setting next_dagrun for create_analytics_mart to 2026-04-06 02:00:00+00:00, run_after=2026-04-07 02:00:00+00:00
[2026-04-06T05:50:34.980+0000] {processor.py:208} INFO - Processing /opt/airflow/dags/create_mart_dag.py took 0.447 seconds
[2026-04-06T05:51:05.190+0000] {processor.py:186} INFO - Started process (PID=740) to work on /opt/airflow/dags/create_mart_dag.py
[2026-04-06T05:51:05.191+0000] {processor.py:914} INFO - Processing file /opt/airflow/dags/create_mart_dag.py for tasks to queue
[2026-04-06T05:51:05.195+0000] {logging_mixin.py:190} INFO - [2026-04-06T05:51:05.194+0000] {dagbag.py:588} INFO - Filling up the DagBag from /opt/airflow/dags/create_mart_dag.py
[2026-04-06T05:51:05.255+0000] {processor.py:925} INFO - DAG(s) 'create_analytics_mart' retrieved from /opt/airflow/dags/create_mart_dag.py
[2026-04-06T05:51:05.293+0000] {logging_mixin.py:190} INFO - [2026-04-06T05:51:05.293+0000] {dag.py:3239} INFO - Sync 1 DAGs
[2026-04-06T05:51:05.327+0000] {logging_mixin.py:190} INFO - [2026-04-06T05:51:05.327+0000] {dag.py:4180} INFO - Setting next_dagrun for create_analytics_mart to 2026-04-06 02:00:00+00:00, run_after=2026-04-07 02:00:00+00:00
[2026-04-06T05:51:05.391+0000] {processor.py:208} INFO - Processing /opt/airflow/dags/create_mart_dag.py took 0.212 seconds
[2026-04-06T05:51:35.925+0000] {processor.py:186} INFO - Started process (PID=756) to work on /opt/airflow/dags/create_mart_dag.py
[2026-04-06T05:51:35.927+0000] {processor.py:914} INFO - Processing file /opt/airflow/dags/create_mart_dag.py for tasks to queue
[2026-04-06T05:51:35.931+0000] {logging_mixin.py:190} INFO - [2026-04-06T05:51:35.930+0000] {dagbag.py:588} INFO - Filling up the DagBag from /opt/airflow/dags/create_mart_dag.py
[2026-04-06T05:51:36.007+0000] {processor.py:925} INFO - DAG(s) 'create_analytics_mart' retrieved from /opt/airflow/dags/create_mart_dag.py
[2026-04-06T05:51:36.047+0000] {logging_mixin.py:190} INFO - [2026-04-06T05:51:36.047+0000] {dag.py:3239} INFO - Sync 1 DAGs
[2026-04-06T05:51:36.084+0000] {logging_mixin.py:190} INFO - [2026-04-06T05:51:36.084+0000] {dag.py:4180} INFO - Setting next_dagrun for create_analytics_mart to 2026-04-06 02:00:00+00:00, run_after=2026-04-07 02:00:00+00:00
[2026-04-06T05:51:36.149+0000] {processor.py:208} INFO - Processing /opt/airflow/dags/create_mart_dag.py took 0.232 seconds
[2026-04-06T05:52:06.810+0000] {processor.py:186} INFO - Started process (PID=772) to work on /opt/airflow/dags/create_mart_dag.py
[2026-04-06T05:52:06.813+0000] {processor.py:914} INFO - Processing file /opt/airflow/dags/create_mart_dag.py for tasks to queue
[2026-04-06T05:52:06.818+0000] {logging_mixin.py:190} INFO - [2026-04-06T05:52:06.817+0000] {dagbag.py:588} INFO - Filling up the DagBag from /opt/airflow/dags/create_mart_dag.py
[2026-04-06T05:52:06.912+0000] {processor.py:925} INFO - DAG(s) 'create_analytics_mart' retrieved from /opt/airflow/dags/create_mart_dag.py
[2026-04-06T05:52:06.950+0000] {logging_mixin.py:190} INFO - [2026-04-06T05:52:06.950+0000] {dag.py:3239} INFO - Sync 1 DAGs
[2026-04-06T05:52:06.984+0000] {logging_mixin.py:190} INFO - [2026-04-06T05:52:06.984+0000] {dag.py:4180} INFO - Setting next_dagrun for create_analytics_mart to 2026-04-06 02:00:00+00:00, run_after=2026-04-07 02:00:00+00:00
[2026-04-06T05:52:07.009+0000] {processor.py:208} INFO - Processing /opt/airflow/dags/create_mart_dag.py took 0.213 seconds
[2026-04-06T05:52:37.495+0000] {processor.py:186} INFO - Started process (PID=788) to work on /opt/airflow/dags/create_mart_dag.py
[2026-04-06T05:52:37.497+0000] {processor.py:914} INFO - Processing file /opt/airflow/dags/create_mart_dag.py for tasks to queue
[2026-04-06T05:52:37.500+0000] {logging_mixin.py:190} INFO - [2026-04-06T05:52:37.500+0000] {dagbag.py:588} INFO - Filling up the DagBag from /opt/airflow/dags/create_mart_dag.py
[2026-04-06T05:52:37.580+0000] {processor.py:925} INFO - DAG(s) 'create_analytics_mart' retrieved from /opt/airflow/dags/create_mart_dag.py
[2026-04-06T05:52:37.616+0000] {logging_mixin.py:190} INFO - [2026-04-06T05:52:37.615+0000] {dag.py:3239} INFO - Sync 1 DAGs
[2026-04-06T05:52:37.649+0000] {logging_mixin.py:190} INFO - [2026-04-06T05:52:37.649+0000] {dag.py:4180} INFO - Setting next_dagrun for create_analytics_mart to 2026-04-06 02:00:00+00:00, run_after=2026-04-07 02:00:00+00:00
[2026-04-06T05:52:37.905+0000] {processor.py:208} INFO - Processing /opt/airflow/dags/create_mart_dag.py took 0.419 seconds
[2026-04-06T05:53:08.479+0000] {processor.py:186} INFO - Started process (PID=804) to work on /opt/airflow/dags/create_mart_dag.py
[2026-04-06T05:53:08.481+0000] {processor.py:914} INFO - Processing file /opt/airflow/dags/create_mart_dag.py for tasks to queue
[2026-04-06T05:53:08.485+0000] {logging_mixin.py:190} INFO - [2026-04-06T05:53:08.484+0000] {dagbag.py:588} INFO - Filling up the DagBag from /opt/airflow/dags/create_mart_dag.py
[2026-04-06T05:53:08.548+0000] {processor.py:925} INFO - DAG(s) 'create_analytics_mart' retrieved from /opt/airflow/dags/create_mart_dag.py
[2026-04-06T05:53:08.578+0000] {logging_mixin.py:190} INFO - [2026-04-06T05:53:08.578+0000] {dag.py:3239} INFO - Sync 1 DAGs
[2026-04-06T05:53:08.611+0000] {logging_mixin.py:190} INFO - [2026-04-06T05:53:08.611+0000] {dag.py:4180} INFO - Setting next_dagrun for create_analytics_mart to 2026-04-06 02:00:00+00:00, run_after=2026-04-07 02:00:00+00:00
[2026-04-06T05:53:08.680+0000] {processor.py:208} INFO - Processing /opt/airflow/dags/create_mart_dag.py took 0.210 seconds
[2026-04-06T05:53:39.237+0000] {processor.py:186} INFO - Started process (PID=820) to work on /opt/airflow/dags/create_mart_dag.py
[2026-04-06T05:53:39.240+0000] {processor.py:914} INFO - Processing file /opt/airflow/dags/create_mart_dag.py for tasks to queue
[2026-04-06T05:53:39.245+0000] {logging_mixin.py:190} INFO - [2026-04-06T05:53:39.244+0000] {dagbag.py:588} INFO - Filling up the DagBag from /opt/airflow/dags/create_mart_dag.py
[2026-04-06T05:53:39.310+0000] {processor.py:925} INFO - DAG(s) 'create_analytics_mart' retrieved from /opt/airflow/dags/create_mart_dag.py
[2026-04-06T05:53:39.349+0000] {logging_mixin.py:190} INFO - [2026-04-06T05:53:39.348+0000] {dag.py:3239} INFO - Sync 1 DAGs
[2026-04-06T05:53:39.385+0000] {logging_mixin.py:190} INFO - [2026-04-06T05:53:39.384+0000] {dag.py:4180} INFO - Setting next_dagrun for create_analytics_mart to 2026-04-06 02:00:00+00:00, run_after=2026-04-07 02:00:00+00:00
[2026-04-06T05:53:39.415+0000] {processor.py:208} INFO - Processing /opt/airflow/dags/create_mart_dag.py took 0.195 seconds
[2026-04-06T05:54:09.543+0000] {processor.py:186} INFO - Started process (PID=836) to work on /opt/airflow/dags/create_mart_dag.py
[2026-04-06T05:54:09.545+0000] {processor.py:914} INFO - Processing file /opt/airflow/dags/create_mart_dag.py for tasks to queue
[2026-04-06T05:54:09.548+0000] {logging_mixin.py:190} INFO - [2026-04-06T05:54:09.547+0000] {dagbag.py:588} INFO - Filling up the DagBag from /opt/airflow/dags/create_mart_dag.py
[2026-04-06T05:54:09.624+0000] {processor.py:925} INFO - DAG(s) 'create_analytics_mart' retrieved from /opt/airflow/dags/create_mart_dag.py
[2026-04-06T05:54:09.681+0000] {logging_mixin.py:190} INFO - [2026-04-06T05:54:09.680+0000] {dag.py:3239} INFO - Sync 1 DAGs
[2026-04-06T05:54:09.733+0000] {logging_mixin.py:190} INFO - [2026-04-06T05:54:09.733+0000] {dag.py:4180} INFO - Setting next_dagrun for create_analytics_mart to 2026-04-06 02:00:00+00:00, run_after=2026-04-07 02:00:00+00:00
[2026-04-06T05:54:09.819+0000] {processor.py:208} INFO - Processing /opt/airflow/dags/create_mart_dag.py took 0.285 seconds
[2026-04-06T05:54:40.424+0000] {processor.py:186} INFO - Started process (PID=852) to work on /opt/airflow/dags/create_mart_dag.py
[2026-04-06T05:54:40.426+0000] {processor.py:914} INFO - Processing file /opt/airflow/dags/create_mart_dag.py for tasks to queue
[2026-04-06T05:54:40.430+0000] {logging_mixin.py:190} INFO - [2026-04-06T05:54:40.429+0000] {dagbag.py:588} INFO - Filling up the DagBag from /opt/airflow/dags/create_mart_dag.py
[2026-04-06T05:54:40.498+0000] {processor.py:925} INFO - DAG(s) 'create_analytics_mart' retrieved from /opt/airflow/dags/create_mart_dag.py
[2026-04-06T05:54:40.536+0000] {logging_mixin.py:190} INFO - [2026-04-06T05:54:40.536+0000] {dag.py:3239} INFO - Sync 1 DAGs
[2026-04-06T05:54:40.576+0000] {logging_mixin.py:190} INFO - [2026-04-06T05:54:40.575+0000] {dag.py:4180} INFO - Setting next_dagrun for create_analytics_mart to 2026-04-06 02:00:00+00:00, run_after=2026-04-07 02:00:00+00:00
[2026-04-06T05:54:40.846+0000] {processor.py:208} INFO - Processing /opt/airflow/dags/create_mart_dag.py took 0.432 seconds
[2026-04-06T05:55:11.467+0000] {processor.py:186} INFO - Started process (PID=868) to work on /opt/airflow/dags/create_mart_dag.py
[2026-04-06T05:55:11.469+0000] {processor.py:914} INFO - Processing file /opt/airflow/dags/create_mart_dag.py for tasks to queue
[2026-04-06T05:55:11.472+0000] {logging_mixin.py:190} INFO - [2026-04-06T05:55:11.472+0000] {dagbag.py:588} INFO - Filling up the DagBag from /opt/airflow/dags/create_mart_dag.py
[2026-04-06T05:55:11.535+0000] {processor.py:925} INFO - DAG(s) 'create_analytics_mart' retrieved from /opt/airflow/dags/create_mart_dag.py
[2026-04-06T05:55:11.575+0000] {logging_mixin.py:190} INFO - [2026-04-06T05:55:11.575+0000] {dag.py:3239} INFO - Sync 1 DAGs
[2026-04-06T05:55:11.611+0000] {logging_mixin.py:190} INFO - [2026-04-06T05:55:11.610+0000] {dag.py:4180} INFO - Setting next_dagrun for create_analytics_mart to 2026-04-06 02:00:00+00:00, run_after=2026-04-07 02:00:00+00:00
[2026-04-06T05:55:11.688+0000] {processor.py:208} INFO - Processing /opt/airflow/dags/create_mart_dag.py took 0.236 seconds
[2026-04-06T05:55:42.283+0000] {processor.py:186} INFO - Started process (PID=884) to work on /opt/airflow/dags/create_mart_dag.py
[2026-04-06T05:55:42.286+0000] {processor.py:914} INFO - Processing file /opt/airflow/dags/create_mart_dag.py for tasks to queue
[2026-04-06T05:55:42.290+0000] {logging_mixin.py:190} INFO - [2026-04-06T05:55:42.289+0000] {dagbag.py:588} INFO - Filling up the DagBag from /opt/airflow/dags/create_mart_dag.py
[2026-04-06T05:55:42.373+0000] {processor.py:925} INFO - DAG(s) 'create_analytics_mart' retrieved from /opt/airflow/dags/create_mart_dag.py
[2026-04-06T05:55:42.406+0000] {logging_mixin.py:190} INFO - [2026-04-06T05:55:42.406+0000] {dag.py:3239} INFO - Sync 1 DAGs
[2026-04-06T05:55:42.438+0000] {logging_mixin.py:190} INFO - [2026-04-06T05:55:42.438+0000] {dag.py:4180} INFO - Setting next_dagrun for create_analytics_mart to 2026-04-06 02:00:00+00:00, run_after=2026-04-07 02:00:00+00:00
[2026-04-06T05:55:42.469+0000] {processor.py:208} INFO - Processing /opt/airflow/dags/create_mart_dag.py took 0.196 seconds
[2026-04-06T05:56:13.052+0000] {processor.py:186} INFO - Started process (PID=900) to work on /opt/airflow/dags/create_mart_dag.py
[2026-04-06T05:56:13.055+0000] {processor.py:914} INFO - Processing file /opt/airflow/dags/create_mart_dag.py for tasks to queue
[2026-04-06T05:56:13.060+0000] {logging_mixin.py:190} INFO - [2026-04-06T05:56:13.060+0000] {dagbag.py:588} INFO - Filling up the DagBag from /opt/airflow/dags/create_mart_dag.py
[2026-04-06T05:56:13.120+0000] {processor.py:925} INFO - DAG(s) 'create_analytics_mart' retrieved from /opt/airflow/dags/create_mart_dag.py
[2026-04-06T05:56:13.155+0000] {logging_mixin.py:190} INFO - [2026-04-06T05:56:13.155+0000] {dag.py:3239} INFO - Sync 1 DAGs
[2026-04-06T05:56:13.188+0000] {logging_mixin.py:190} INFO - [2026-04-06T05:56:13.187+0000] {dag.py:4180} INFO - Setting next_dagrun for create_analytics_mart to 2026-04-06 02:00:00+00:00, run_after=2026-04-07 02:00:00+00:00
[2026-04-06T05:56:13.214+0000] {processor.py:208} INFO - Processing /opt/airflow/dags/create_mart_dag.py took 0.172 seconds
[2026-04-06T05:56:43.685+0000] {processor.py:186} INFO - Started process (PID=916) to work on /opt/airflow/dags/create_mart_dag.py
[2026-04-06T05:56:43.687+0000] {processor.py:914} INFO - Processing file /opt/airflow/dags/create_mart_dag.py for tasks to queue
[2026-04-06T05:56:43.690+0000] {logging_mixin.py:190} INFO - [2026-04-06T05:56:43.690+0000] {dagbag.py:588} INFO - Filling up the DagBag from /opt/airflow/dags/create_mart_dag.py
[2026-04-06T05:56:43.776+0000] {processor.py:925} INFO - DAG(s) 'create_analytics_mart' retrieved from /opt/airflow/dags/create_mart_dag.py
[2026-04-06T05:56:43.821+0000] {logging_mixin.py:190} INFO - [2026-04-06T05:56:43.821+0000] {dag.py:3239} INFO - Sync 1 DAGs
[2026-04-06T05:56:43.856+0000] {logging_mixin.py:190} INFO - [2026-04-06T05:56:43.856+0000] {dag.py:4180} INFO - Setting next_dagrun for create_analytics_mart to 2026-04-06 02:00:00+00:00, run_after=2026-04-07 02:00:00+00:00
[2026-04-06T05:56:44.100+0000] {processor.py:208} INFO - Processing /opt/airflow/dags/create_mart_dag.py took 0.423 seconds
[2026-04-06T05:57:14.618+0000] {processor.py:186} INFO - Started process (PID=932) to work on /opt/airflow/dags/create_mart_dag.py
[2026-04-06T05:57:14.620+0000] {processor.py:914} INFO - Processing file /opt/airflow/dags/create_mart_dag.py for tasks to queue
[2026-04-06T05:57:14.624+0000] {logging_mixin.py:190} INFO - [2026-04-06T05:57:14.623+0000] {dagbag.py:588} INFO - Filling up the DagBag from /opt/airflow/dags/create_mart_dag.py
[2026-04-06T05:57:14.700+0000] {processor.py:925} INFO - DAG(s) 'create_analytics_mart' retrieved from /opt/airflow/dags/create_mart_dag.py
[2026-04-06T05:57:14.742+0000] {logging_mixin.py:190} INFO - [2026-04-06T05:57:14.741+0000] {dag.py:3239} INFO - Sync 1 DAGs
[2026-04-06T05:57:14.780+0000] {logging_mixin.py:190} INFO - [2026-04-06T05:57:14.780+0000] {dag.py:4180} INFO - Setting next_dagrun for create_analytics_mart to 2026-04-06 02:00:00+00:00, run_after=2026-04-07 02:00:00+00:00
[2026-04-06T05:57:14.813+0000] {processor.py:208} INFO - Processing /opt/airflow/dags/create_mart_dag.py took 0.203 seconds
[2026-04-06T05:57:45.284+0000] {processor.py:186} INFO - Started process (PID=948) to work on /opt/airflow/dags/create_mart_dag.py
[2026-04-06T05:57:45.286+0000] {processor.py:914} INFO - Processing file /opt/airflow/dags/create_mart_dag.py for tasks to queue
[2026-04-06T05:57:45.290+0000] {logging_mixin.py:190} INFO - [2026-04-06T05:57:45.289+0000] {dagbag.py:588} INFO - Filling up the DagBag from /opt/airflow/dags/create_mart_dag.py
[2026-04-06T05:57:45.368+0000] {processor.py:925} INFO - DAG(s) 'create_analytics_mart' retrieved from /opt/airflow/dags/create_mart_dag.py
[2026-04-06T05:57:45.405+0000] {logging_mixin.py:190} INFO - [2026-04-06T05:57:45.404+0000] {dag.py:3239} INFO - Sync 1 DAGs
[2026-04-06T05:57:45.437+0000] {logging_mixin.py:190} INFO - [2026-04-06T05:57:45.437+0000] {dag.py:4180} INFO - Setting next_dagrun for create_analytics_mart to 2026-04-06 02:00:00+00:00, run_after=2026-04-07 02:00:00+00:00
[2026-04-06T05:57:45.504+0000] {processor.py:208} INFO - Processing /opt/airflow/dags/create_mart_dag.py took 0.230 seconds
[2026-04-06T05:58:16.005+0000] {processor.py:186} INFO - Started process (PID=964) to work on /opt/airflow/dags/create_mart_dag.py
[2026-04-06T05:58:16.007+0000] {processor.py:914} INFO - Processing file /opt/airflow/dags/create_mart_dag.py for tasks to queue
[2026-04-06T05:58:16.012+0000] {logging_mixin.py:190} INFO - [2026-04-06T05:58:16.011+0000] {dagbag.py:588} INFO - Filling up the DagBag from /opt/airflow/dags/create_mart_dag.py
[2026-04-06T05:58:16.091+0000] {processor.py:925} INFO - DAG(s) 'create_analytics_mart' retrieved from /opt/airflow/dags/create_mart_dag.py
[2026-04-06T05:58:16.130+0000] {logging_mixin.py:190} INFO - [2026-04-06T05:58:16.129+0000] {dag.py:3239} INFO - Sync 1 DAGs
[2026-04-06T05:58:16.165+0000] {logging_mixin.py:190} INFO - [2026-04-06T05:58:16.165+0000] {dag.py:4180} INFO - Setting next_dagrun for create_analytics_mart to 2026-04-06 02:00:00+00:00, run_after=2026-04-07 02:00:00+00:00
[2026-04-06T05:58:16.234+0000] {processor.py:208} INFO - Processing /opt/airflow/dags/create_mart_dag.py took 0.247 seconds
[2026-04-06T05:58:46.741+0000] {processor.py:186} INFO - Started process (PID=980) to work on /opt/airflow/dags/create_mart_dag.py
[2026-04-06T05:58:46.742+0000] {processor.py:914} INFO - Processing file /opt/airflow/dags/create_mart_dag.py for tasks to queue
[2026-04-06T05:58:46.746+0000] {logging_mixin.py:190} INFO - [2026-04-06T05:58:46.746+0000] {dagbag.py:588} INFO - Filling up the DagBag from /opt/airflow/dags/create_mart_dag.py
[2026-04-06T05:58:46.823+0000] {processor.py:925} INFO - DAG(s) 'create_analytics_mart' retrieved from /opt/airflow/dags/create_mart_dag.py
[2026-04-06T05:58:46.858+0000] {logging_mixin.py:190} INFO - [2026-04-06T05:58:46.858+0000] {dag.py:3239} INFO - Sync 1 DAGs
[2026-04-06T05:58:46.896+0000] {logging_mixin.py:190} INFO - [2026-04-06T05:58:46.896+0000] {dag.py:4180} INFO - Setting next_dagrun for create_analytics_mart to 2026-04-06 02:00:00+00:00, run_after=2026-04-07 02:00:00+00:00
[2026-04-06T05:58:47.091+0000] {processor.py:208} INFO - Processing /opt/airflow/dags/create_mart_dag.py took 0.360 seconds
[2026-04-06T05:59:17.585+0000] {processor.py:186} INFO - Started process (PID=997) to work on /opt/airflow/dags/create_mart_dag.py
[2026-04-06T05:59:17.587+0000] {processor.py:914} INFO - Processing file /opt/airflow/dags/create_mart_dag.py for tasks to queue
[2026-04-06T05:59:17.591+0000] {logging_mixin.py:190} INFO - [2026-04-06T05:59:17.590+0000] {dagbag.py:588} INFO - Filling up the DagBag from /opt/airflow/dags/create_mart_dag.py
[2026-04-06T05:59:17.661+0000] {processor.py:925} INFO - DAG(s) 'create_analytics_mart' retrieved from /opt/airflow/dags/create_mart_dag.py
[2026-04-06T05:59:17.694+0000] {logging_mixin.py:190} INFO - [2026-04-06T05:59:17.694+0000] {dag.py:3239} INFO - Sync 1 DAGs
[2026-04-06T05:59:17.731+0000] {logging_mixin.py:190} INFO - [2026-04-06T05:59:17.731+0000] {dag.py:4180} INFO - Setting next_dagrun for create_analytics_mart to 2026-04-06 02:00:00+00:00, run_after=2026-04-07 02:00:00+00:00
[2026-04-06T05:59:17.801+0000] {processor.py:208} INFO - Processing /opt/airflow/dags/create_mart_dag.py took 0.225 seconds
[2026-04-06T05:59:48.352+0000] {processor.py:186} INFO - Started process (PID=1013) to work on /opt/airflow/dags/create_mart_dag.py
[2026-04-06T05:59:48.354+0000] {processor.py:914} INFO - Processing file /opt/airflow/dags/create_mart_dag.py for tasks to queue
[2026-04-06T05:59:48.359+0000] {logging_mixin.py:190} INFO - [2026-04-06T05:59:48.359+0000] {dagbag.py:588} INFO - Filling up the DagBag from /opt/airflow/dags/create_mart_dag.py
[2026-04-06T05:59:48.456+0000] {processor.py:925} INFO - DAG(s) 'create_analytics_mart' retrieved from /opt/airflow/dags/create_mart_dag.py
[2026-04-06T05:59:48.500+0000] {logging_mixin.py:190} INFO - [2026-04-06T05:59:48.500+0000] {dag.py:3239} INFO - Sync 1 DAGs
[2026-04-06T05:59:48.541+0000] {logging_mixin.py:190} INFO - [2026-04-06T05:59:48.540+0000] {dag.py:4180} INFO - Setting next_dagrun for create_analytics_mart to 2026-04-06 02:00:00+00:00, run_after=2026-04-07 02:00:00+00:00
[2026-04-06T05:59:48.603+0000] {processor.py:208} INFO - Processing /opt/airflow/dags/create_mart_dag.py took 0.270 seconds
[2026-04-06T06:00:18.928+0000] {processor.py:186} INFO - Started process (PID=1029) to work on /opt/airflow/dags/create_mart_dag.py
[2026-04-06T06:00:18.931+0000] {processor.py:914} INFO - Processing file /opt/airflow/dags/create_mart_dag.py for tasks to queue
[2026-04-06T06:00:18.936+0000] {logging_mixin.py:190} INFO - [2026-04-06T06:00:18.936+0000] {dagbag.py:588} INFO - Filling up the DagBag from /opt/airflow/dags/create_mart_dag.py
[2026-04-06T06:00:19.027+0000] {processor.py:925} INFO - DAG(s) 'create_analytics_mart' retrieved from /opt/airflow/dags/create_mart_dag.py
[2026-04-06T06:00:19.076+0000] {logging_mixin.py:190} INFO - [2026-04-06T06:00:19.075+0000] {dag.py:3239} INFO - Sync 1 DAGs
[2026-04-06T06:00:19.111+0000] {logging_mixin.py:190} INFO - [2026-04-06T06:00:19.111+0000] {dag.py:4180} INFO - Setting next_dagrun for create_analytics_mart to 2026-04-06 02:00:00+00:00, run_after=2026-04-07 02:00:00+00:00
[2026-04-06T06:00:19.181+0000] {processor.py:208} INFO - Processing /opt/airflow/dags/create_mart_dag.py took 0.267 seconds
[2026-04-06T06:00:49.709+0000] {processor.py:186} INFO - Started process (PID=1045) to work on /opt/airflow/dags/create_mart_dag.py
[2026-04-06T06:00:49.711+0000] {processor.py:914} INFO - Processing file /opt/airflow/dags/create_mart_dag.py for tasks to queue
[2026-04-06T06:00:49.715+0000] {logging_mixin.py:190} INFO - [2026-04-06T06:00:49.714+0000] {dagbag.py:588} INFO - Filling up the DagBag from /opt/airflow/dags/create_mart_dag.py
[2026-04-06T06:00:49.794+0000] {processor.py:925} INFO - DAG(s) 'create_analytics_mart' retrieved from /opt/airflow/dags/create_mart_dag.py
[2026-04-06T06:00:49.834+0000] {logging_mixin.py:190} INFO - [2026-04-06T06:00:49.834+0000] {dag.py:3239} INFO - Sync 1 DAGs
[2026-04-06T06:00:49.871+0000] {logging_mixin.py:190} INFO - [2026-04-06T06:00:49.870+0000] {dag.py:4180} INFO - Setting next_dagrun for create_analytics_mart to 2026-04-06 02:00:00+00:00, run_after=2026-04-07 02:00:00+00:00
[2026-04-06T06:00:50.150+0000] {processor.py:208} INFO - Processing /opt/airflow/dags/create_mart_dag.py took 0.450 seconds
[2026-04-06T06:01:20.342+0000] {processor.py:186} INFO - Started process (PID=1061) to work on /opt/airflow/dags/create_mart_dag.py
[2026-04-06T06:01:20.344+0000] {processor.py:914} INFO - Processing file /opt/airflow/dags/create_mart_dag.py for tasks to queue
[2026-04-06T06:01:20.347+0000] {logging_mixin.py:190} INFO - [2026-04-06T06:01:20.347+0000] {dagbag.py:588} INFO - Filling up the DagBag from /opt/airflow/dags/create_mart_dag.py
[2026-04-06T06:01:20.391+0000] {processor.py:925} INFO - DAG(s) 'create_analytics_mart' retrieved from /opt/airflow/dags/create_mart_dag.py
[2026-04-06T06:01:20.428+0000] {logging_mixin.py:190} INFO - [2026-04-06T06:01:20.427+0000] {dag.py:3239} INFO - Sync 1 DAGs
[2026-04-06T06:01:20.461+0000] {logging_mixin.py:190} INFO - [2026-04-06T06:01:20.461+0000] {dag.py:4180} INFO - Setting next_dagrun for create_analytics_mart to 2026-04-06 02:00:00+00:00, run_after=2026-04-07 02:00:00+00:00
[2026-04-06T06:01:20.530+0000] {processor.py:208} INFO - Processing /opt/airflow/dags/create_mart_dag.py took 0.201 seconds
[2026-04-06T06:01:51.291+0000] {processor.py:186} INFO - Started process (PID=1077) to work on /opt/airflow/dags/create_mart_dag.py
[2026-04-06T06:01:51.293+0000] {processor.py:914} INFO - Processing file /opt/airflow/dags/create_mart_dag.py for tasks to queue
[2026-04-06T06:01:51.297+0000] {logging_mixin.py:190} INFO - [2026-04-06T06:01:51.297+0000] {dagbag.py:588} INFO - Filling up the DagBag from /opt/airflow/dags/create_mart_dag.py
[2026-04-06T06:01:51.364+0000] {processor.py:925} INFO - DAG(s) 'create_analytics_mart' retrieved from /opt/airflow/dags/create_mart_dag.py
[2026-04-06T06:01:51.413+0000] {logging_mixin.py:190} INFO - [2026-04-06T06:01:51.413+0000] {dag.py:3239} INFO - Sync 1 DAGs
[2026-04-06T06:01:51.451+0000] {logging_mixin.py:190} INFO - [2026-04-06T06:01:51.450+0000] {dag.py:4180} INFO - Setting next_dagrun for create_analytics_mart to 2026-04-06 02:00:00+00:00, run_after=2026-04-07 02:00:00+00:00
[2026-04-06T06:01:51.523+0000] {processor.py:208} INFO - Processing /opt/airflow/dags/create_mart_dag.py took 0.244 seconds
[2026-04-06T07:22:13.317+0000] {processor.py:186} INFO - Started process (PID=1091) to work on /opt/airflow/dags/create_mart_dag.py
[2026-04-06T07:22:13.342+0000] {processor.py:914} INFO - Processing file /opt/airflow/dags/create_mart_dag.py for tasks to queue
[2026-04-06T07:22:13.365+0000] {logging_mixin.py:190} INFO - [2026-04-06T07:22:13.364+0000] {dagbag.py:588} INFO - Filling up the DagBag from /opt/airflow/dags/create_mart_dag.py
[2026-04-06T07:22:13.966+0000] {processor.py:925} INFO - DAG(s) 'create_analytics_mart' retrieved from /opt/airflow/dags/create_mart_dag.py
[2026-04-06T07:22:14.022+0000] {logging_mixin.py:190} INFO - [2026-04-06T07:22:14.022+0000] {dag.py:3239} INFO - Sync 1 DAGs
[2026-04-06T07:22:14.067+0000] {logging_mixin.py:190} INFO - [2026-04-06T07:22:14.066+0000] {dag.py:4180} INFO - Setting next_dagrun for create_analytics_mart to 2026-04-06 02:00:00+00:00, run_after=2026-04-07 02:00:00+00:00
[2026-04-06T07:22:14.143+0000] {processor.py:208} INFO - Processing /opt/airflow/dags/create_mart_dag.py took 0.836 seconds
[2026-04-06T07:22:44.326+0000] {processor.py:186} INFO - Started process (PID=1107) to work on /opt/airflow/dags/create_mart_dag.py
[2026-04-06T07:22:44.327+0000] {processor.py:914} INFO - Processing file /opt/airflow/dags/create_mart_dag.py for tasks to queue
[2026-04-06T07:22:44.329+0000] {logging_mixin.py:190} INFO - [2026-04-06T07:22:44.329+0000] {dagbag.py:588} INFO - Filling up the DagBag from /opt/airflow/dags/create_mart_dag.py
[2026-04-06T07:22:44.365+0000] {processor.py:925} INFO - DAG(s) 'create_analytics_mart' retrieved from /opt/airflow/dags/create_mart_dag.py
[2026-04-06T07:22:44.392+0000] {logging_mixin.py:190} INFO - [2026-04-06T07:22:44.392+0000] {dag.py:3239} INFO - Sync 1 DAGs
[2026-04-06T07:22:44.416+0000] {logging_mixin.py:190} INFO - [2026-04-06T07:22:44.416+0000] {dag.py:4180} INFO - Setting next_dagrun for create_analytics_mart to 2026-04-06 02:00:00+00:00, run_after=2026-04-07 02:00:00+00:00
[2026-04-06T07:22:44.532+0000] {processor.py:208} INFO - Processing /opt/airflow/dags/create_mart_dag.py took 0.211 seconds
[2026-04-06T07:23:14.698+0000] {processor.py:186} INFO - Started process (PID=1123) to work on /opt/airflow/dags/create_mart_dag.py
[2026-04-06T07:23:14.699+0000] {processor.py:914} INFO - Processing file /opt/airflow/dags/create_mart_dag.py for tasks to queue
[2026-04-06T07:23:14.701+0000] {logging_mixin.py:190} INFO - [2026-04-06T07:23:14.701+0000] {dagbag.py:588} INFO - Filling up the DagBag from /opt/airflow/dags/create_mart_dag.py
[2026-04-06T07:23:14.729+0000] {processor.py:925} INFO - DAG(s) 'create_analytics_mart' retrieved from /opt/airflow/dags/create_mart_dag.py
[2026-04-06T07:23:14.748+0000] {logging_mixin.py:190} INFO - [2026-04-06T07:23:14.748+0000] {dag.py:3239} INFO - Sync 1 DAGs
[2026-04-06T07:23:14.880+0000] {logging_mixin.py:190} INFO - [2026-04-06T07:23:14.880+0000] {dag.py:4180} INFO - Setting next_dagrun for create_analytics_mart to 2026-04-06 02:00:00+00:00, run_after=2026-04-07 02:00:00+00:00
[2026-04-06T07:23:14.903+0000] {processor.py:208} INFO - Processing /opt/airflow/dags/create_mart_dag.py took 0.208 seconds
[2026-04-06T07:23:45.108+0000] {processor.py:186} INFO - Started process (PID=1139) to work on /opt/airflow/dags/create_mart_dag.py
[2026-04-06T07:23:45.110+0000] {processor.py:914} INFO - Processing file /opt/airflow/dags/create_mart_dag.py for tasks to queue
[2026-04-06T07:23:45.113+0000] {logging_mixin.py:190} INFO - [2026-04-06T07:23:45.113+0000] {dagbag.py:588} INFO - Filling up the DagBag from /opt/airflow/dags/create_mart_dag.py
[2026-04-06T07:23:45.185+0000] {processor.py:925} INFO - DAG(s) 'create_analytics_mart' retrieved from /opt/airflow/dags/create_mart_dag.py
[2026-04-06T07:23:45.221+0000] {logging_mixin.py:190} INFO - [2026-04-06T07:23:45.220+0000] {dag.py:3239} INFO - Sync 1 DAGs
[2026-04-06T07:23:45.253+0000] {logging_mixin.py:190} INFO - [2026-04-06T07:23:45.253+0000] {dag.py:4180} INFO - Setting next_dagrun for create_analytics_mart to 2026-04-06 02:00:00+00:00, run_after=2026-04-07 02:00:00+00:00
[2026-04-06T07:23:45.281+0000] {processor.py:208} INFO - Processing /opt/airflow/dags/create_mart_dag.py took 0.182 seconds
[2026-04-06T07:24:15.688+0000] {processor.py:186} INFO - Started process (PID=1155) to work on /opt/airflow/dags/create_mart_dag.py
[2026-04-06T07:24:15.689+0000] {processor.py:914} INFO - Processing file /opt/airflow/dags/create_mart_dag.py for tasks to queue
[2026-04-06T07:24:15.692+0000] {logging_mixin.py:190} INFO - [2026-04-06T07:24:15.691+0000] {dagbag.py:588} INFO - Filling up the DagBag from /opt/airflow/dags/create_mart_dag.py
[2026-04-06T07:24:15.746+0000] {processor.py:925} INFO - DAG(s) 'create_analytics_mart' retrieved from /opt/airflow/dags/create_mart_dag.py
[2026-04-06T07:24:15.780+0000] {logging_mixin.py:190} INFO - [2026-04-06T07:24:15.779+0000] {dag.py:3239} INFO - Sync 1 DAGs
[2026-04-06T07:24:15.812+0000] {logging_mixin.py:190} INFO - [2026-04-06T07:24:15.812+0000] {dag.py:4180} INFO - Setting next_dagrun for create_analytics_mart to 2026-04-06 02:00:00+00:00, run_after=2026-04-07 02:00:00+00:00
[2026-04-06T07:24:15.837+0000] {processor.py:208} INFO - Processing /opt/airflow/dags/create_mart_dag.py took 0.158 seconds
[2026-04-06T07:24:46.690+0000] {processor.py:186} INFO - Started process (PID=1171) to work on /opt/airflow/dags/create_mart_dag.py
[2026-04-06T07:24:46.692+0000] {processor.py:914} INFO - Processing file /opt/airflow/dags/create_mart_dag.py for tasks to queue
[2026-04-06T07:24:46.696+0000] {logging_mixin.py:190} INFO - [2026-04-06T07:24:46.696+0000] {dagbag.py:588} INFO - Filling up the DagBag from /opt/airflow/dags/create_mart_dag.py
[2026-04-06T07:24:46.829+0000] {processor.py:925} INFO - DAG(s) 'create_analytics_mart' retrieved from /opt/airflow/dags/create_mart_dag.py
[2026-04-06T07:24:46.884+0000] {logging_mixin.py:190} INFO - [2026-04-06T07:24:46.884+0000] {dag.py:3239} INFO - Sync 1 DAGs
[2026-04-06T07:24:46.944+0000] {logging_mixin.py:190} INFO - [2026-04-06T07:24:46.944+0000] {dag.py:4180} INFO - Setting next_dagrun for create_analytics_mart to 2026-04-06 02:00:00+00:00, run_after=2026-04-07 02:00:00+00:00
[2026-04-06T07:24:47.164+0000] {processor.py:208} INFO - Processing /opt/airflow/dags/create_mart_dag.py took 0.484 seconds
[2026-04-06T07:25:17.610+0000] {processor.py:186} INFO - Started process (PID=1187) to work on /opt/airflow/dags/create_mart_dag.py
[2026-04-06T07:25:17.612+0000] {processor.py:914} INFO - Processing file /opt/airflow/dags/create_mart_dag.py for tasks to queue
[2026-04-06T07:25:17.616+0000] {logging_mixin.py:190} INFO - [2026-04-06T07:25:17.615+0000] {dagbag.py:588} INFO - Filling up the DagBag from /opt/airflow/dags/create_mart_dag.py
[2026-04-06T07:25:17.686+0000] {processor.py:925} INFO - DAG(s) 'create_analytics_mart' retrieved from /opt/airflow/dags/create_mart_dag.py
[2026-04-06T07:25:17.721+0000] {logging_mixin.py:190} INFO - [2026-04-06T07:25:17.721+0000] {dag.py:3239} INFO - Sync 1 DAGs
[2026-04-06T07:25:17.966+0000] {logging_mixin.py:190} INFO - [2026-04-06T07:25:17.966+0000] {dag.py:4180} INFO - Setting next_dagrun for create_analytics_mart to 2026-04-06 02:00:00+00:00, run_after=2026-04-07 02:00:00+00:00
[2026-04-06T07:25:17.992+0000] {processor.py:208} INFO - Processing /opt/airflow/dags/create_mart_dag.py took 0.390 seconds
[2026-04-06T07:25:48.518+0000] {processor.py:186} INFO - Started process (PID=1209) to work on /opt/airflow/dags/create_mart_dag.py
[2026-04-06T07:25:48.519+0000] {processor.py:914} INFO - Processing file /opt/airflow/dags/create_mart_dag.py for tasks to queue
[2026-04-06T07:25:48.523+0000] {logging_mixin.py:190} INFO - [2026-04-06T07:25:48.522+0000] {dagbag.py:588} INFO - Filling up the DagBag from /opt/airflow/dags/create_mart_dag.py
[2026-04-06T07:25:48.591+0000] {processor.py:925} INFO - DAG(s) 'create_analytics_mart' retrieved from /opt/airflow/dags/create_mart_dag.py
[2026-04-06T07:25:48.629+0000] {logging_mixin.py:190} INFO - [2026-04-06T07:25:48.629+0000] {dag.py:3239} INFO - Sync 1 DAGs
[2026-04-06T07:25:48.663+0000] {logging_mixin.py:190} INFO - [2026-04-06T07:25:48.663+0000] {dag.py:4180} INFO - Setting next_dagrun for create_analytics_mart to 2026-04-06 02:00:00+00:00, run_after=2026-04-07 02:00:00+00:00
[2026-04-06T07:25:48.701+0000] {processor.py:208} INFO - Processing /opt/airflow/dags/create_mart_dag.py took 0.191 seconds
[2026-04-06T07:26:19.022+0000] {processor.py:186} INFO - Started process (PID=1225) to work on /opt/airflow/dags/create_mart_dag.py
[2026-04-06T07:26:19.024+0000] {processor.py:914} INFO - Processing file /opt/airflow/dags/create_mart_dag.py for tasks to queue
[2026-04-06T07:26:19.027+0000] {logging_mixin.py:190} INFO - [2026-04-06T07:26:19.026+0000] {dagbag.py:588} INFO - Filling up the DagBag from /opt/airflow/dags/create_mart_dag.py
[2026-04-06T07:26:19.074+0000] {processor.py:925} INFO - DAG(s) 'create_analytics_mart' retrieved from /opt/airflow/dags/create_mart_dag.py
[2026-04-06T07:26:19.112+0000] {logging_mixin.py:190} INFO - [2026-04-06T07:26:19.111+0000] {dag.py:3239} INFO - Sync 1 DAGs
[2026-04-06T07:26:19.152+0000] {logging_mixin.py:190} INFO - [2026-04-06T07:26:19.152+0000] {dag.py:4180} INFO - Setting next_dagrun for create_analytics_mart to 2026-04-06 02:00:00+00:00, run_after=2026-04-07 02:00:00+00:00
[2026-04-06T07:26:19.192+0000] {processor.py:208} INFO - Processing /opt/airflow/dags/create_mart_dag.py took 0.178 seconds
[2026-04-06T07:26:49.727+0000] {processor.py:186} INFO - Started process (PID=1241) to work on /opt/airflow/dags/create_mart_dag.py
[2026-04-06T07:26:49.729+0000] {processor.py:914} INFO - Processing file /opt/airflow/dags/create_mart_dag.py for tasks to queue
[2026-04-06T07:26:49.733+0000] {logging_mixin.py:190} INFO - [2026-04-06T07:26:49.732+0000] {dagbag.py:588} INFO - Filling up the DagBag from /opt/airflow/dags/create_mart_dag.py
[2026-04-06T07:26:49.783+0000] {processor.py:925} INFO - DAG(s) 'create_analytics_mart' retrieved from /opt/airflow/dags/create_mart_dag.py
[2026-04-06T07:26:49.815+0000] {logging_mixin.py:190} INFO - [2026-04-06T07:26:49.814+0000] {dag.py:3239} INFO - Sync 1 DAGs
[2026-04-06T07:26:49.848+0000] {logging_mixin.py:190} INFO - [2026-04-06T07:26:49.847+0000] {dag.py:4180} INFO - Setting next_dagrun for create_analytics_mart to 2026-04-06 02:00:00+00:00, run_after=2026-04-07 02:00:00+00:00
[2026-04-06T07:26:50.096+0000] {processor.py:208} INFO - Processing /opt/airflow/dags/create_mart_dag.py took 0.376 seconds
[2026-04-06T07:27:20.532+0000] {processor.py:186} INFO - Started process (PID=1257) to work on /opt/airflow/dags/create_mart_dag.py
[2026-04-06T07:27:20.534+0000] {processor.py:914} INFO - Processing file /opt/airflow/dags/create_mart_dag.py for tasks to queue
[2026-04-06T07:27:20.537+0000] {logging_mixin.py:190} INFO - [2026-04-06T07:27:20.537+0000] {dagbag.py:588} INFO - Filling up the DagBag from /opt/airflow/dags/create_mart_dag.py
[2026-04-06T07:27:20.616+0000] {processor.py:925} INFO - DAG(s) 'create_analytics_mart' retrieved from /opt/airflow/dags/create_mart_dag.py
[2026-04-06T07:27:20.651+0000] {logging_mixin.py:190} INFO - [2026-04-06T07:27:20.650+0000] {dag.py:3239} INFO - Sync 1 DAGs
[2026-04-06T07:27:20.877+0000] {logging_mixin.py:190} INFO - [2026-04-06T07:27:20.877+0000] {dag.py:4180} INFO - Setting next_dagrun for create_analytics_mart to 2026-04-06 02:00:00+00:00, run_after=2026-04-07 02:00:00+00:00
[2026-04-06T07:27:20.925+0000] {processor.py:208} INFO - Processing /opt/airflow/dags/create_mart_dag.py took 0.401 seconds
[2026-04-06T07:27:51.083+0000] {processor.py:186} INFO - Started process (PID=1273) to work on /opt/airflow/dags/create_mart_dag.py
[2026-04-06T07:27:51.084+0000] {processor.py:914} INFO - Processing file /opt/airflow/dags/create_mart_dag.py for tasks to queue
[2026-04-06T07:27:51.088+0000] {logging_mixin.py:190} INFO - [2026-04-06T07:27:51.087+0000] {dagbag.py:588} INFO - Filling up the DagBag from /opt/airflow/dags/create_mart_dag.py
[2026-04-06T07:27:51.148+0000] {processor.py:925} INFO - DAG(s) 'create_analytics_mart' retrieved from /opt/airflow/dags/create_mart_dag.py
[2026-04-06T07:27:51.182+0000] {logging_mixin.py:190} INFO - [2026-04-06T07:27:51.181+0000] {dag.py:3239} INFO - Sync 1 DAGs
[2026-04-06T07:27:51.215+0000] {logging_mixin.py:190} INFO - [2026-04-06T07:27:51.214+0000] {dag.py:4180} INFO - Setting next_dagrun for create_analytics_mart to 2026-04-06 02:00:00+00:00, run_after=2026-04-07 02:00:00+00:00
[2026-04-06T07:27:51.253+0000] {processor.py:208} INFO - Processing /opt/airflow/dags/create_mart_dag.py took 0.180 seconds
[2026-04-06T07:28:21.571+0000] {processor.py:186} INFO - Started process (PID=1289) to work on /opt/airflow/dags/create_mart_dag.py
[2026-04-06T07:28:21.573+0000] {processor.py:914} INFO - Processing file /opt/airflow/dags/create_mart_dag.py for tasks to queue
[2026-04-06T07:28:21.575+0000] {logging_mixin.py:190} INFO - [2026-04-06T07:28:21.575+0000] {dagbag.py:588} INFO - Filling up the DagBag from /opt/airflow/dags/create_mart_dag.py
[2026-04-06T07:28:21.628+0000] {processor.py:925} INFO - DAG(s) 'create_analytics_mart' retrieved from /opt/airflow/dags/create_mart_dag.py
[2026-04-06T07:28:21.661+0000] {logging_mixin.py:190} INFO - [2026-04-06T07:28:21.661+0000] {dag.py:3239} INFO - Sync 1 DAGs
[2026-04-06T07:28:21.693+0000] {logging_mixin.py:190} INFO - [2026-04-06T07:28:21.693+0000] {dag.py:4180} INFO - Setting next_dagrun for create_analytics_mart to 2026-04-06 02:00:00+00:00, run_after=2026-04-07 02:00:00+00:00
[2026-04-06T07:28:21.734+0000] {processor.py:208} INFO - Processing /opt/airflow/dags/create_mart_dag.py took 0.171 seconds
[2026-04-06T07:28:52.203+0000] {processor.py:186} INFO - Started process (PID=1305) to work on /opt/airflow/dags/create_mart_dag.py
[2026-04-06T07:28:52.205+0000] {processor.py:914} INFO - Processing file /opt/airflow/dags/create_mart_dag.py for tasks to queue
[2026-04-06T07:28:52.209+0000] {logging_mixin.py:190} INFO - [2026-04-06T07:28:52.209+0000] {dagbag.py:588} INFO - Filling up the DagBag from /opt/airflow/dags/create_mart_dag.py
[2026-04-06T07:28:52.251+0000] {processor.py:925} INFO - DAG(s) 'create_analytics_mart' retrieved from /opt/airflow/dags/create_mart_dag.py
[2026-04-06T07:28:52.289+0000] {logging_mixin.py:190} INFO - [2026-04-06T07:28:52.288+0000] {dag.py:3239} INFO - Sync 1 DAGs
[2026-04-06T07:28:52.329+0000] {logging_mixin.py:190} INFO - [2026-04-06T07:28:52.329+0000] {dag.py:4180} INFO - Setting next_dagrun for create_analytics_mart to 2026-04-06 02:00:00+00:00, run_after=2026-04-07 02:00:00+00:00
[2026-04-06T07:28:52.589+0000] {processor.py:208} INFO - Processing /opt/airflow/dags/create_mart_dag.py took 0.394 seconds
[2026-04-06T07:29:22.915+0000] {processor.py:186} INFO - Started process (PID=1336) to work on /opt/airflow/dags/create_mart_dag.py
[2026-04-06T07:29:22.917+0000] {processor.py:914} INFO - Processing file /opt/airflow/dags/create_mart_dag.py for tasks to queue
[2026-04-06T07:29:22.921+0000] {logging_mixin.py:190} INFO - [2026-04-06T07:29:22.920+0000] {dagbag.py:588} INFO - Filling up the DagBag from /opt/airflow/dags/create_mart_dag.py
[2026-04-06T07:29:22.974+0000] {processor.py:925} INFO - DAG(s) 'create_analytics_mart' retrieved from /opt/airflow/dags/create_mart_dag.py
[2026-04-06T07:29:23.012+0000] {logging_mixin.py:190} INFO - [2026-04-06T07:29:23.012+0000] {dag.py:3239} INFO - Sync 1 DAGs
[2026-04-06T07:29:23.255+0000] {logging_mixin.py:190} INFO - [2026-04-06T07:29:23.255+0000] {dag.py:4180} INFO - Setting next_dagrun for create_analytics_mart to 2026-04-06 02:00:00+00:00, run_after=2026-04-07 02:00:00+00:00
[2026-04-06T07:29:23.356+0000] {processor.py:208} INFO - Processing /opt/airflow/dags/create_mart_dag.py took 0.449 seconds
[2026-04-06T07:29:53.828+0000] {processor.py:186} INFO - Started process (PID=1352) to work on /opt/airflow/dags/create_mart_dag.py
[2026-04-06T07:29:53.830+0000] {processor.py:914} INFO - Processing file /opt/airflow/dags/create_mart_dag.py for tasks to queue
[2026-04-06T07:29:53.833+0000] {logging_mixin.py:190} INFO - [2026-04-06T07:29:53.833+0000] {dagbag.py:588} INFO - Filling up the DagBag from /opt/airflow/dags/create_mart_dag.py
[2026-04-06T07:29:53.896+0000] {processor.py:925} INFO - DAG(s) 'create_analytics_mart' retrieved from /opt/airflow/dags/create_mart_dag.py
[2026-04-06T07:29:53.927+0000] {logging_mixin.py:190} INFO - [2026-04-06T07:29:53.927+0000] {dag.py:3239} INFO - Sync 1 DAGs
[2026-04-06T07:29:53.957+0000] {logging_mixin.py:190} INFO - [2026-04-06T07:29:53.956+0000] {dag.py:4180} INFO - Setting next_dagrun for create_analytics_mart to 2026-04-06 02:00:00+00:00, run_after=2026-04-07 02:00:00+00:00
[2026-04-06T07:29:53.982+0000] {processor.py:208} INFO - Processing /opt/airflow/dags/create_mart_dag.py took 0.161 seconds
[2026-04-06T07:30:24.521+0000] {processor.py:186} INFO - Started process (PID=1368) to work on /opt/airflow/dags/create_mart_dag.py
[2026-04-06T07:30:24.522+0000] {processor.py:914} INFO - Processing file /opt/airflow/dags/create_mart_dag.py for tasks to queue
[2026-04-06T07:30:24.526+0000] {logging_mixin.py:190} INFO - [2026-04-06T07:30:24.525+0000] {dagbag.py:588} INFO - Filling up the DagBag from /opt/airflow/dags/create_mart_dag.py
[2026-04-06T07:30:24.590+0000] {processor.py:925} INFO - DAG(s) 'create_analytics_mart' retrieved from /opt/airflow/dags/create_mart_dag.py
[2026-04-06T07:30:24.621+0000] {logging_mixin.py:190} INFO - [2026-04-06T07:30:24.621+0000] {dag.py:3239} INFO - Sync 1 DAGs
[2026-04-06T07:30:24.651+0000] {logging_mixin.py:190} INFO - [2026-04-06T07:30:24.651+0000] {dag.py:4180} INFO - Setting next_dagrun for create_analytics_mart to 2026-04-06 02:00:00+00:00, run_after=2026-04-07 02:00:00+00:00
[2026-04-06T07:30:24.699+0000] {processor.py:208} INFO - Processing /opt/airflow/dags/create_mart_dag.py took 0.185 seconds
[2026-04-06T07:30:55.014+0000] {processor.py:186} INFO - Started process (PID=1383) to work on /opt/airflow/dags/create_mart_dag.py
[2026-04-06T07:30:55.016+0000] {processor.py:914} INFO - Processing file /opt/airflow/dags/create_mart_dag.py for tasks to queue
[2026-04-06T07:30:55.019+0000] {logging_mixin.py:190} INFO - [2026-04-06T07:30:55.019+0000] {dagbag.py:588} INFO - Filling up the DagBag from /opt/airflow/dags/create_mart_dag.py
[2026-04-06T07:30:55.099+0000] {processor.py:925} INFO - DAG(s) 'create_analytics_mart' retrieved from /opt/airflow/dags/create_mart_dag.py
[2026-04-06T07:30:55.133+0000] {logging_mixin.py:190} INFO - [2026-04-06T07:30:55.133+0000] {dag.py:3239} INFO - Sync 1 DAGs
[2026-04-06T07:30:55.166+0000] {logging_mixin.py:190} INFO - [2026-04-06T07:30:55.166+0000] {dag.py:4180} INFO - Setting next_dagrun for create_analytics_mart to 2026-04-06 02:00:00+00:00, run_after=2026-04-07 02:00:00+00:00
[2026-04-06T07:30:55.401+0000] {processor.py:208} INFO - Processing /opt/airflow/dags/create_mart_dag.py took 0.396 seconds
[2026-04-06T07:31:25.783+0000] {processor.py:186} INFO - Started process (PID=1399) to work on /opt/airflow/dags/create_mart_dag.py
[2026-04-06T07:31:25.785+0000] {processor.py:914} INFO - Processing file /opt/airflow/dags/create_mart_dag.py for tasks to queue
[2026-04-06T07:31:25.788+0000] {logging_mixin.py:190} INFO - [2026-04-06T07:31:25.788+0000] {dagbag.py:588} INFO - Filling up the DagBag from /opt/airflow/dags/create_mart_dag.py
[2026-04-06T07:31:25.850+0000] {processor.py:925} INFO - DAG(s) 'create_analytics_mart' retrieved from /opt/airflow/dags/create_mart_dag.py
[2026-04-06T07:31:25.881+0000] {logging_mixin.py:190} INFO - [2026-04-06T07:31:25.880+0000] {dag.py:3239} INFO - Sync 1 DAGs
[2026-04-06T07:31:26.105+0000] {logging_mixin.py:190} INFO - [2026-04-06T07:31:26.105+0000] {dag.py:4180} INFO - Setting next_dagrun for create_analytics_mart to 2026-04-06 02:00:00+00:00, run_after=2026-04-07 02:00:00+00:00
[2026-04-06T07:31:26.168+0000] {processor.py:208} INFO - Processing /opt/airflow/dags/create_mart_dag.py took 0.394 seconds
[2026-04-06T07:31:56.707+0000] {processor.py:186} INFO - Started process (PID=1415) to work on /opt/airflow/dags/create_mart_dag.py
[2026-04-06T07:31:56.708+0000] {processor.py:914} INFO - Processing file /opt/airflow/dags/create_mart_dag.py for tasks to queue
[2026-04-06T07:31:56.712+0000] {logging_mixin.py:190} INFO - [2026-04-06T07:31:56.712+0000] {dagbag.py:588} INFO - Filling up the DagBag from /opt/airflow/dags/create_mart_dag.py
[2026-04-06T07:31:56.782+0000] {processor.py:925} INFO - DAG(s) 'create_analytics_mart' retrieved from /opt/airflow/dags/create_mart_dag.py
[2026-04-06T07:31:56.815+0000] {logging_mixin.py:190} INFO - [2026-04-06T07:31:56.815+0000] {dag.py:3239} INFO - Sync 1 DAGs
[2026-04-06T07:31:56.849+0000] {logging_mixin.py:190} INFO - [2026-04-06T07:31:56.848+0000] {dag.py:4180} INFO - Setting next_dagrun for create_analytics_mart to 2026-04-06 02:00:00+00:00, run_after=2026-04-07 02:00:00+00:00
[2026-04-06T07:31:56.881+0000] {processor.py:208} INFO - Processing /opt/airflow/dags/create_mart_dag.py took 0.182 seconds
[2026-04-06T07:32:27.542+0000] {processor.py:186} INFO - Started process (PID=1431) to work on /opt/airflow/dags/create_mart_dag.py
[2026-04-06T07:32:27.544+0000] {processor.py:914} INFO - Processing file /opt/airflow/dags/create_mart_dag.py for tasks to queue
[2026-04-06T07:32:27.548+0000] {logging_mixin.py:190} INFO - [2026-04-06T07:32:27.548+0000] {dagbag.py:588} INFO - Filling up the DagBag from /opt/airflow/dags/create_mart_dag.py
[2026-04-06T07:32:27.619+0000] {processor.py:925} INFO - DAG(s) 'create_analytics_mart' retrieved from /opt/airflow/dags/create_mart_dag.py
[2026-04-06T07:32:27.652+0000] {logging_mixin.py:190} INFO - [2026-04-06T07:32:27.652+0000] {dag.py:3239} INFO - Sync 1 DAGs
[2026-04-06T07:32:27.683+0000] {logging_mixin.py:190} INFO - [2026-04-06T07:32:27.682+0000] {dag.py:4180} INFO - Setting next_dagrun for create_analytics_mart to 2026-04-06 02:00:00+00:00, run_after=2026-04-07 02:00:00+00:00
[2026-04-06T07:32:27.732+0000] {processor.py:208} INFO - Processing /opt/airflow/dags/create_mart_dag.py took 0.200 seconds
[2026-04-06T07:32:58.029+0000] {processor.py:186} INFO - Started process (PID=1447) to work on /opt/airflow/dags/create_mart_dag.py
[2026-04-06T07:32:58.031+0000] {processor.py:914} INFO - Processing file /opt/airflow/dags/create_mart_dag.py for tasks to queue
[2026-04-06T07:32:58.035+0000] {logging_mixin.py:190} INFO - [2026-04-06T07:32:58.034+0000] {dagbag.py:588} INFO - Filling up the DagBag from /opt/airflow/dags/create_mart_dag.py
[2026-04-06T07:32:58.084+0000] {processor.py:925} INFO - DAG(s) 'create_analytics_mart' retrieved from /opt/airflow/dags/create_mart_dag.py
[2026-04-06T07:32:58.125+0000] {logging_mixin.py:190} INFO - [2026-04-06T07:32:58.125+0000] {dag.py:3239} INFO - Sync 1 DAGs
[2026-04-06T07:32:58.168+0000] {logging_mixin.py:190} INFO - [2026-04-06T07:32:58.167+0000] {dag.py:4180} INFO - Setting next_dagrun for create_analytics_mart to 2026-04-06 02:00:00+00:00, run_after=2026-04-07 02:00:00+00:00
[2026-04-06T07:32:58.443+0000] {processor.py:208} INFO - Processing /opt/airflow/dags/create_mart_dag.py took 0.427 seconds
[2026-04-06T07:33:28.673+0000] {processor.py:186} INFO - Started process (PID=1463) to work on /opt/airflow/dags/create_mart_dag.py
[2026-04-06T07:33:28.674+0000] {processor.py:914} INFO - Processing file /opt/airflow/dags/create_mart_dag.py for tasks to queue
[2026-04-06T07:33:28.677+0000] {logging_mixin.py:190} INFO - [2026-04-06T07:33:28.677+0000] {dagbag.py:588} INFO - Filling up the DagBag from /opt/airflow/dags/create_mart_dag.py
[2026-04-06T07:33:28.710+0000] {processor.py:925} INFO - DAG(s) 'create_analytics_mart' retrieved from /opt/airflow/dags/create_mart_dag.py
[2026-04-06T07:33:28.742+0000] {logging_mixin.py:190} INFO - [2026-04-06T07:33:28.742+0000] {dag.py:3239} INFO - Sync 1 DAGs
[2026-04-06T07:33:28.948+0000] {logging_mixin.py:190} INFO - [2026-04-06T07:33:28.948+0000] {dag.py:4180} INFO - Setting next_dagrun for create_analytics_mart to 2026-04-06 02:00:00+00:00, run_after=2026-04-07 02:00:00+00:00
[2026-04-06T07:33:28.999+0000] {processor.py:208} INFO - Processing /opt/airflow/dags/create_mart_dag.py took 0.334 seconds
[2026-04-06T07:33:59.387+0000] {processor.py:186} INFO - Started process (PID=1479) to work on /opt/airflow/dags/create_mart_dag.py
[2026-04-06T07:33:59.390+0000] {processor.py:914} INFO - Processing file /opt/airflow/dags/create_mart_dag.py for tasks to queue
[2026-04-06T07:33:59.394+0000] {logging_mixin.py:190} INFO - [2026-04-06T07:33:59.393+0000] {dagbag.py:588} INFO - Filling up the DagBag from /opt/airflow/dags/create_mart_dag.py
[2026-04-06T07:33:59.456+0000] {processor.py:925} INFO - DAG(s) 'create_analytics_mart' retrieved from /opt/airflow/dags/create_mart_dag.py
[2026-04-06T07:33:59.502+0000] {logging_mixin.py:190} INFO - [2026-04-06T07:33:59.501+0000] {dag.py:3239} INFO - Sync 1 DAGs
[2026-04-06T07:33:59.544+0000] {logging_mixin.py:190} INFO - [2026-04-06T07:33:59.543+0000] {dag.py:4180} INFO - Setting next_dagrun for create_analytics_mart to 2026-04-06 02:00:00+00:00, run_after=2026-04-07 02:00:00+00:00
[2026-04-06T07:33:59.574+0000] {processor.py:208} INFO - Processing /opt/airflow/dags/create_mart_dag.py took 0.198 seconds
[2026-04-06T07:34:30.097+0000] {processor.py:186} INFO - Started process (PID=1495) to work on /opt/airflow/dags/create_mart_dag.py
[2026-04-06T07:34:30.099+0000] {processor.py:914} INFO - Processing file /opt/airflow/dags/create_mart_dag.py for tasks to queue
[2026-04-06T07:34:30.102+0000] {logging_mixin.py:190} INFO - [2026-04-06T07:34:30.101+0000] {dagbag.py:588} INFO - Filling up the DagBag from /opt/airflow/dags/create_mart_dag.py
[2026-04-06T07:34:30.166+0000] {processor.py:925} INFO - DAG(s) 'create_analytics_mart' retrieved from /opt/airflow/dags/create_mart_dag.py
[2026-04-06T07:34:30.202+0000] {logging_mixin.py:190} INFO - [2026-04-06T07:34:30.201+0000] {dag.py:3239} INFO - Sync 1 DAGs
[2026-04-06T07:34:30.233+0000] {logging_mixin.py:190} INFO - [2026-04-06T07:34:30.233+0000] {dag.py:4180} INFO - Setting next_dagrun for create_analytics_mart to 2026-04-06 02:00:00+00:00, run_after=2026-04-07 02:00:00+00:00
[2026-04-06T07:34:30.267+0000] {processor.py:208} INFO - Processing /opt/airflow/dags/create_mart_dag.py took 0.177 seconds
[2026-04-06T07:35:00.609+0000] {processor.py:186} INFO - Started process (PID=1511) to work on /opt/airflow/dags/create_mart_dag.py
[2026-04-06T07:35:00.611+0000] {processor.py:914} INFO - Processing file /opt/airflow/dags/create_mart_dag.py for tasks to queue
[2026-04-06T07:35:00.615+0000] {logging_mixin.py:190} INFO - [2026-04-06T07:35:00.614+0000] {dagbag.py:588} INFO - Filling up the DagBag from /opt/airflow/dags/create_mart_dag.py
[2026-04-06T07:35:00.676+0000] {processor.py:925} INFO - DAG(s) 'create_analytics_mart' retrieved from /opt/airflow/dags/create_mart_dag.py
[2026-04-06T07:35:00.712+0000] {logging_mixin.py:190} INFO - [2026-04-06T07:35:00.712+0000] {dag.py:3239} INFO - Sync 1 DAGs
[2026-04-06T07:35:00.748+0000] {logging_mixin.py:190} INFO - [2026-04-06T07:35:00.748+0000] {dag.py:4180} INFO - Setting next_dagrun for create_analytics_mart to 2026-04-06 02:00:00+00:00, run_after=2026-04-07 02:00:00+00:00
[2026-04-06T07:35:01.032+0000] {processor.py:208} INFO - Processing /opt/airflow/dags/create_mart_dag.py took 0.431 seconds
[2026-04-06T07:35:31.361+0000] {processor.py:186} INFO - Started process (PID=1527) to work on /opt/airflow/dags/create_mart_dag.py
[2026-04-06T07:35:31.362+0000] {processor.py:914} INFO - Processing file /opt/airflow/dags/create_mart_dag.py for tasks to queue
[2026-04-06T07:35:31.367+0000] {logging_mixin.py:190} INFO - [2026-04-06T07:35:31.367+0000] {dagbag.py:588} INFO - Filling up the DagBag from /opt/airflow/dags/create_mart_dag.py
[2026-04-06T07:35:31.424+0000] {processor.py:925} INFO - DAG(s) 'create_analytics_mart' retrieved from /opt/airflow/dags/create_mart_dag.py
[2026-04-06T07:35:31.459+0000] {logging_mixin.py:190} INFO - [2026-04-06T07:35:31.458+0000] {dag.py:3239} INFO - Sync 1 DAGs
[2026-04-06T07:35:31.710+0000] {logging_mixin.py:190} INFO - [2026-04-06T07:35:31.709+0000] {dag.py:4180} INFO - Setting next_dagrun for create_analytics_mart to 2026-04-06 02:00:00+00:00, run_after=2026-04-07 02:00:00+00:00
[2026-04-06T07:35:31.741+0000] {processor.py:208} INFO - Processing /opt/airflow/dags/create_mart_dag.py took 0.390 seconds
[2026-04-06T07:36:02.025+0000] {processor.py:186} INFO - Started process (PID=1543) to work on /opt/airflow/dags/create_mart_dag.py
[2026-04-06T07:36:02.027+0000] {processor.py:914} INFO - Processing file /opt/airflow/dags/create_mart_dag.py for tasks to queue
[2026-04-06T07:36:02.030+0000] {logging_mixin.py:190} INFO - [2026-04-06T07:36:02.029+0000] {dagbag.py:588} INFO - Filling up the DagBag from /opt/airflow/dags/create_mart_dag.py
[2026-04-06T07:36:02.096+0000] {processor.py:925} INFO - DAG(s) 'create_analytics_mart' retrieved from /opt/airflow/dags/create_mart_dag.py
[2026-04-06T07:36:02.129+0000] {logging_mixin.py:190} INFO - [2026-04-06T07:36:02.129+0000] {dag.py:3239} INFO - Sync 1 DAGs
[2026-04-06T07:36:02.162+0000] {logging_mixin.py:190} INFO - [2026-04-06T07:36:02.161+0000] {dag.py:4180} INFO - Setting next_dagrun for create_analytics_mart to 2026-04-06 02:00:00+00:00, run_after=2026-04-07 02:00:00+00:00
[2026-04-06T07:36:02.209+0000] {processor.py:208} INFO - Processing /opt/airflow/dags/create_mart_dag.py took 0.192 seconds
[2026-04-06T07:36:32.755+0000] {processor.py:186} INFO - Started process (PID=1559) to work on /opt/airflow/dags/create_mart_dag.py
[2026-04-06T07:36:32.757+0000] {processor.py:914} INFO - Processing file /opt/airflow/dags/create_mart_dag.py for tasks to queue
[2026-04-06T07:36:32.760+0000] {logging_mixin.py:190} INFO - [2026-04-06T07:36:32.760+0000] {dagbag.py:588} INFO - Filling up the DagBag from /opt/airflow/dags/create_mart_dag.py
[2026-04-06T07:36:32.820+0000] {processor.py:925} INFO - DAG(s) 'create_analytics_mart' retrieved from /opt/airflow/dags/create_mart_dag.py
[2026-04-06T07:36:32.856+0000] {logging_mixin.py:190} INFO - [2026-04-06T07:36:32.856+0000] {dag.py:3239} INFO - Sync 1 DAGs
[2026-04-06T07:36:32.889+0000] {logging_mixin.py:190} INFO - [2026-04-06T07:36:32.888+0000] {dag.py:4180} INFO - Setting next_dagrun for create_analytics_mart to 2026-04-06 02:00:00+00:00, run_after=2026-04-07 02:00:00+00:00
[2026-04-06T07:36:32.919+0000] {processor.py:208} INFO - Processing /opt/airflow/dags/create_mart_dag.py took 0.171 seconds
[2026-04-06T07:37:03.448+0000] {processor.py:186} INFO - Started process (PID=1575) to work on /opt/airflow/dags/create_mart_dag.py
[2026-04-06T07:37:03.451+0000] {processor.py:914} INFO - Processing file /opt/airflow/dags/create_mart_dag.py for tasks to queue
[2026-04-06T07:37:03.455+0000] {logging_mixin.py:190} INFO - [2026-04-06T07:37:03.455+0000] {dagbag.py:588} INFO - Filling up the DagBag from /opt/airflow/dags/create_mart_dag.py
[2026-04-06T07:37:03.500+0000] {processor.py:925} INFO - DAG(s) 'create_analytics_mart' retrieved from /opt/airflow/dags/create_mart_dag.py
[2026-04-06T07:37:03.539+0000] {logging_mixin.py:190} INFO - [2026-04-06T07:37:03.538+0000] {dag.py:3239} INFO - Sync 1 DAGs
[2026-04-06T07:37:03.575+0000] {logging_mixin.py:190} INFO - [2026-04-06T07:37:03.575+0000] {dag.py:4180} INFO - Setting next_dagrun for create_analytics_mart to 2026-04-06 02:00:00+00:00, run_after=2026-04-07 02:00:00+00:00
[2026-04-06T07:37:03.828+0000] {processor.py:208} INFO - Processing /opt/airflow/dags/create_mart_dag.py took 0.391 seconds
[2026-04-06T07:37:34.207+0000] {processor.py:186} INFO - Started process (PID=1591) to work on /opt/airflow/dags/create_mart_dag.py
[2026-04-06T07:37:34.209+0000] {processor.py:914} INFO - Processing file /opt/airflow/dags/create_mart_dag.py for tasks to queue
[2026-04-06T07:37:34.212+0000] {logging_mixin.py:190} INFO - [2026-04-06T07:37:34.212+0000] {dagbag.py:588} INFO - Filling up the DagBag from /opt/airflow/dags/create_mart_dag.py
[2026-04-06T07:37:34.274+0000] {processor.py:925} INFO - DAG(s) 'create_analytics_mart' retrieved from /opt/airflow/dags/create_mart_dag.py
[2026-04-06T07:37:34.304+0000] {logging_mixin.py:190} INFO - [2026-04-06T07:37:34.303+0000] {dag.py:3239} INFO - Sync 1 DAGs
[2026-04-06T07:37:34.508+0000] {logging_mixin.py:190} INFO - [2026-04-06T07:37:34.508+0000] {dag.py:4180} INFO - Setting next_dagrun for create_analytics_mart to 2026-04-06 02:00:00+00:00, run_after=2026-04-07 02:00:00+00:00
[2026-04-06T07:37:34.564+0000] {processor.py:208} INFO - Processing /opt/airflow/dags/create_mart_dag.py took 0.365 seconds
[2026-04-06T07:38:04.768+0000] {processor.py:186} INFO - Started process (PID=1607) to work on /opt/airflow/dags/create_mart_dag.py
[2026-04-06T07:38:04.770+0000] {processor.py:914} INFO - Processing file /opt/airflow/dags/create_mart_dag.py for tasks to queue
[2026-04-06T07:38:04.773+0000] {logging_mixin.py:190} INFO - [2026-04-06T07:38:04.773+0000] {dagbag.py:588} INFO - Filling up the DagBag from /opt/airflow/dags/create_mart_dag.py
[2026-04-06T07:38:04.831+0000] {processor.py:925} INFO - DAG(s) 'create_analytics_mart' retrieved from /opt/airflow/dags/create_mart_dag.py
[2026-04-06T07:38:04.865+0000] {logging_mixin.py:190} INFO - [2026-04-06T07:38:04.865+0000] {dag.py:3239} INFO - Sync 1 DAGs
[2026-04-06T07:38:04.895+0000] {logging_mixin.py:190} INFO - [2026-04-06T07:38:04.895+0000] {dag.py:4180} INFO - Setting next_dagrun for create_analytics_mart to 2026-04-06 02:00:00+00:00, run_after=2026-04-07 02:00:00+00:00
[2026-04-06T07:38:04.923+0000] {processor.py:208} INFO - Processing /opt/airflow/dags/create_mart_dag.py took 0.163 seconds
[2026-04-06T07:38:35.268+0000] {processor.py:186} INFO - Started process (PID=1623) to work on /opt/airflow/dags/create_mart_dag.py
[2026-04-06T07:38:35.270+0000] {processor.py:914} INFO - Processing file /opt/airflow/dags/create_mart_dag.py for tasks to queue
[2026-04-06T07:38:35.273+0000] {logging_mixin.py:190} INFO - [2026-04-06T07:38:35.273+0000] {dagbag.py:588} INFO - Filling up the DagBag from /opt/airflow/dags/create_mart_dag.py
[2026-04-06T07:38:35.345+0000] {processor.py:925} INFO - DAG(s) 'create_analytics_mart' retrieved from /opt/airflow/dags/create_mart_dag.py
[2026-04-06T07:38:35.385+0000] {logging_mixin.py:190} INFO - [2026-04-06T07:38:35.385+0000] {dag.py:3239} INFO - Sync 1 DAGs
[2026-04-06T07:38:35.420+0000] {logging_mixin.py:190} INFO - [2026-04-06T07:38:35.420+0000] {dag.py:4180} INFO - Setting next_dagrun for create_analytics_mart to 2026-04-06 02:00:00+00:00, run_after=2026-04-07 02:00:00+00:00
[2026-04-06T07:38:35.461+0000] {processor.py:208} INFO - Processing /opt/airflow/dags/create_mart_dag.py took 0.203 seconds
[2026-04-06T07:39:05.890+0000] {processor.py:186} INFO - Started process (PID=1639) to work on /opt/airflow/dags/create_mart_dag.py
[2026-04-06T07:39:05.891+0000] {processor.py:914} INFO - Processing file /opt/airflow/dags/create_mart_dag.py for tasks to queue
[2026-04-06T07:39:05.895+0000] {logging_mixin.py:190} INFO - [2026-04-06T07:39:05.894+0000] {dagbag.py:588} INFO - Filling up the DagBag from /opt/airflow/dags/create_mart_dag.py
[2026-04-06T07:39:05.955+0000] {processor.py:925} INFO - DAG(s) 'create_analytics_mart' retrieved from /opt/airflow/dags/create_mart_dag.py
[2026-04-06T07:39:05.991+0000] {logging_mixin.py:190} INFO - [2026-04-06T07:39:05.991+0000] {dag.py:3239} INFO - Sync 1 DAGs
[2026-04-06T07:39:06.027+0000] {logging_mixin.py:190} INFO - [2026-04-06T07:39:06.027+0000] {dag.py:4180} INFO - Setting next_dagrun for create_analytics_mart to 2026-04-06 02:00:00+00:00, run_after=2026-04-07 02:00:00+00:00
[2026-04-06T07:39:06.268+0000] {processor.py:208} INFO - Processing /opt/airflow/dags/create_mart_dag.py took 0.387 seconds
[2026-04-06T07:39:36.604+0000] {processor.py:186} INFO - Started process (PID=1655) to work on /opt/airflow/dags/create_mart_dag.py
[2026-04-06T07:39:36.606+0000] {processor.py:914} INFO - Processing file /opt/airflow/dags/create_mart_dag.py for tasks to queue
[2026-04-06T07:39:36.609+0000] {logging_mixin.py:190} INFO - [2026-04-06T07:39:36.609+0000] {dagbag.py:588} INFO - Filling up the DagBag from /opt/airflow/dags/create_mart_dag.py
[2026-04-06T07:39:36.676+0000] {processor.py:925} INFO - DAG(s) 'create_analytics_mart' retrieved from /opt/airflow/dags/create_mart_dag.py
[2026-04-06T07:39:36.707+0000] {logging_mixin.py:190} INFO - [2026-04-06T07:39:36.707+0000] {dag.py:3239} INFO - Sync 1 DAGs
[2026-04-06T07:39:36.907+0000] {logging_mixin.py:190} INFO - [2026-04-06T07:39:36.907+0000] {dag.py:4180} INFO - Setting next_dagrun for create_analytics_mart to 2026-04-06 02:00:00+00:00, run_after=2026-04-07 02:00:00+00:00
[2026-04-06T07:39:36.932+0000] {processor.py:208} INFO - Processing /opt/airflow/dags/create_mart_dag.py took 0.334 seconds
[2026-04-06T07:40:07.432+0000] {processor.py:186} INFO - Started process (PID=1671) to work on /opt/airflow/dags/create_mart_dag.py
[2026-04-06T07:40:07.433+0000] {processor.py:914} INFO - Processing file /opt/airflow/dags/create_mart_dag.py for tasks to queue
[2026-04-06T07:40:07.436+0000] {logging_mixin.py:190} INFO - [2026-04-06T07:40:07.436+0000] {dagbag.py:588} INFO - Filling up the DagBag from /opt/airflow/dags/create_mart_dag.py
[2026-04-06T07:40:07.474+0000] {processor.py:925} INFO - DAG(s) 'create_analytics_mart' retrieved from /opt/airflow/dags/create_mart_dag.py
[2026-04-06T07:40:07.510+0000] {logging_mixin.py:190} INFO - [2026-04-06T07:40:07.510+0000] {dag.py:3239} INFO - Sync 1 DAGs
[2026-04-06T07:40:07.550+0000] {logging_mixin.py:190} INFO - [2026-04-06T07:40:07.550+0000] {dag.py:4180} INFO - Setting next_dagrun for create_analytics_mart to 2026-04-06 02:00:00+00:00, run_after=2026-04-07 02:00:00+00:00
[2026-04-06T07:40:07.582+0000] {processor.py:208} INFO - Processing /opt/airflow/dags/create_mart_dag.py took 0.160 seconds
